[2m١١:٤٣:١٦ ص[22m [33m[1m[vite][22m[39m [33mwarning: `esbuild` option was specified by "vite:react-babel" plugin. This option is deprecated, please use `oxc` instead.[39m
[2m١١:٤٣:١٦ ص[22m [33m[1m[vite][22m[39m [33mwarning: `optimizeDeps.esbuildOptions` option was specified by "vite:react-babel" plugin. This option is deprecated, please use `optimizeDeps.rolldownOptions` instead.[39m
[33mBoth esbuild and oxc options were set. oxc options will be used and esbuild options will be ignored.[39m The following esbuild options were set: `{ jsx: 'automatic', jsxImportSource: undefined }`

[1m[30m[46m RUN [49m[39m[22m [36mv4.1.5 [39m[90mD:/My-Githup/doctor-frontend[39m

[90mstderr[2m | tests/ProtectedRoute.test.jsx
[22m[39mi18n initialization failed: TypeError: Failed to parse URL from /locales/en/translation.json
[90m    at node:internal/deps/undici/undici:15845:13[39m
[90m    at processTicksAndRejections (node:internal/process/task_queues:103:5)[39m
    at fetchTranslations (D:/My-Githup/doctor-frontend/src/i18n.js:8:20)
    at async Promise.all (index 0)
    at initI18n (D:/My-Githup/doctor-frontend/src/i18n.js:17:20) {
  [cause]: TypeError: Invalid URL
  [90m    at new URL (node:internal/url:828:25)[39m
      at new URL [90m(file:///D:/My-Githup/doctor-frontend/[39mnode_modules/[4mvitest[24m/dist/chunks/index.DC7d2Pf8.js:557:2[90m)[39m
  [90m    at new Request (node:internal/deps/undici/undici:10413:25)[39m
  [90m    at fetch (node:internal/deps/undici/undici:11325:25)[39m
  [90m    at fetch (node:internal/deps/undici/undici:15843:10)[39m
  [90m    at fetch (node:internal/bootstrap/web/exposed-window-or-worker:83:12)[39m
      at fetchTranslations (D:/My-Githup/doctor-frontend/src/i18n.js:8:26)
      at initI18n (D:/My-Githup/doctor-frontend/src/i18n.js:18:5)
      at D:/My-Githup/doctor-frontend/src/i18n.js:46:26
  [90m    at processTicksAndRejections (node:internal/process/task_queues:103:5)[39m {
    code: [32m'ERR_INVALID_URL'[39m,
    input: [32m'/locales/en/translation.json'[39m
  }
}

[90mstdout[2m | tests/ProtectedRoute.test.jsx
[22m[39m[API Debug] Available VITE_ variables: {
  VITE_API_BASE_URL: [32m'http://localhost:5000/api'[39m,
  VITE_API_URL: [90mundefined[39m,
  VITE_MAIN_DOMAIN: [32m'localhost:5173'[39m
}
[2026-06-15T08:43:25.964Z] [api] Initializing with base URL {
  url: [32m'http://localhost:5000/api'[39m,
  isProduction: [33mfalse[39m,
  hasEnvVar: [33mtrue[39m,
  envType: [32m'string'[39m
}

[90mstderr[2m | tests/FinancialManager.test.jsx
[22m[39mi18n initialization failed: TypeError: Failed to parse URL from /locales/en/translation.json
[90m    at node:internal/deps/undici/undici:15845:13[39m
[90m    at processTicksAndRejections (node:internal/process/task_queues:103:5)[39m
    at fetchTranslations (D:/My-Githup/doctor-frontend/src/i18n.js:8:20)
    at async Promise.all (index 0)
    at initI18n (D:/My-Githup/doctor-frontend/src/i18n.js:17:20) {
  [cause]: TypeError: Invalid URL
  [90m    at new URL (node:internal/url:828:25)[39m
      at new URL [90m(file:///D:/My-Githup/doctor-frontend/[39mnode_modules/[4mvitest[24m/dist/chunks/index.DC7d2Pf8.js:557:2[90m)[39m
  [90m    at new Request (node:internal/deps/undici/undici:10413:25)[39m
  [90m    at fetch (node:internal/deps/undici/undici:11325:25)[39m
  [90m    at fetch (node:internal/deps/undici/undici:15843:10)[39m
  [90m    at fetch (node:internal/bootstrap/web/exposed-window-or-worker:83:12)[39m
      at fetchTranslations (D:/My-Githup/doctor-frontend/src/i18n.js:8:26)
      at initI18n (D:/My-Githup/doctor-frontend/src/i18n.js:18:5)
      at D:/My-Githup/doctor-frontend/src/i18n.js:46:26
  [90m    at processTicksAndRejections (node:internal/process/task_queues:103:5)[39m {
    code: [32m'ERR_INVALID_URL'[39m,
    input: [32m'/locales/en/translation.json'[39m
  }
}

[90mstderr[2m | tests/SecretaryAppointmentsList.test.jsx
[22m[39mi18n initialization failed: TypeError: Failed to parse URL from /locales/en/translation.json
[90m    at node:internal/deps/undici/undici:15845:13[39m
[90m    at processTicksAndRejections (node:internal/process/task_queues:103:5)[39m
    at fetchTranslations (D:/My-Githup/doctor-frontend/src/i18n.js:8:20)
    at async Promise.all (index 0)
    at initI18n (D:/My-Githup/doctor-frontend/src/i18n.js:17:20) {
  [cause]: TypeError: Invalid URL
  [90m    at new URL (node:internal/url:828:25)[39m
      at new URL [90m(file:///D:/My-Githup/doctor-frontend/[39mnode_modules/[4mvitest[24m/dist/chunks/index.DC7d2Pf8.js:557:2[90m)[39m
  [90m    at new Request (node:internal/deps/undici/undici:10413:25)[39m
  [90m    at fetch (node:internal/deps/undici/undici:11325:25)[39m
  [90m    at fetch (node:internal/deps/undici/undici:15843:10)[39m
  [90m    at fetch (node:internal/bootstrap/web/exposed-window-or-worker:83:12)[39m
      at fetchTranslations (D:/My-Githup/doctor-frontend/src/i18n.js:8:26)
      at initI18n (D:/My-Githup/doctor-frontend/src/i18n.js:18:5)
      at D:/My-Githup/doctor-frontend/src/i18n.js:46:26
  [90m    at processTicksAndRejections (node:internal/process/task_queues:103:5)[39m {
    code: [32m'ERR_INVALID_URL'[39m,
    input: [32m'/locales/en/translation.json'[39m
  }
}

[90mstdout[2m | tests/FinancialManager.test.jsx
[22m[39m[API Debug] Available VITE_ variables: {
  VITE_API_BASE_URL: [32m'http://localhost:5000/api'[39m,
  VITE_API_URL: [90mundefined[39m,
  VITE_MAIN_DOMAIN: [32m'localhost:5173'[39m
}
[2026-06-15T08:43:26.366Z] [api] Initializing with base URL {
  url: [32m'http://localhost:5000/api'[39m,
  isProduction: [33mfalse[39m,
  hasEnvVar: [33mtrue[39m,
  envType: [32m'string'[39m
}

[90mstdout[2m | tests/SecretaryAppointmentsList.test.jsx
[22m[39m[API Debug] Available VITE_ variables: {
  VITE_API_BASE_URL: [32m'http://localhost:5000/api'[39m,
  VITE_API_URL: [90mundefined[39m,
  VITE_MAIN_DOMAIN: [32m'localhost:5173'[39m
}
[2026-06-15T08:43:26.372Z] [api] Initializing with base URL {
  url: [32m'http://localhost:5000/api'[39m,
  isProduction: [33mfalse[39m,
  hasEnvVar: [33mtrue[39m,
  envType: [32m'string'[39m
}

[90mstdout[2m | tests/ProtectedRoute.test.jsx[2m > [22m[2mProtectedRoute - RBAC Enforcement[2m > [22m[2mAccess Control for Single Role[2m > [22m[2mshould grant access to doctor accessing doctor-only route
[22m[39mRole Debug: {
  isAdmin: [33mfalse[39m,
  role: [32m'doctor'[39m,
  isAuthenticated: [33mtrue[39m,
  loading: [33mfalse[39m
}
[Socket] Waiting for authentication...

[90mstderr[2m | tests/ProtectedRoute.test.jsx[2m > [22m[2mProtectedRoute - RBAC Enforcement[2m > [22m[2mAccess Control for Single Role[2m > [22m[2mshould grant access to doctor accessing doctor-only route
[22m[39mreact-i18next:: useTranslation: You will need to pass in an i18next instance by using initReactI18next { code: [32m'NO_I18NEXT_INSTANCE'[39m }
⚠️ React Router Future Flag Warning: React Router will begin wrapping state updates in `React.startTransition` in v7. You can use the `v7_startTransition` future flag to opt-in early. For more information, see https://reactrouter.com/v6/upgrading/future#v7_starttransition.
⚠️ React Router Future Flag Warning: Relative route resolution within Splat routes is changing in v7. You can use the `v7_relativeSplatPath` future flag to opt-in early. For more information, see https://reactrouter.com/v6/upgrading/future#v7_relativesplatpath.

[90mstdout[2m | tests/ProtectedRoute.test.jsx[2m > [22m[2mProtectedRoute - RBAC Enforcement[2m > [22m[2mAccess Control for Single Role[2m > [22m[2mshould grant access to secretary accessing secretary-only route
[22m[39mRole Debug: {
  isAdmin: [33mfalse[39m,
  role: [32m'secretary'[39m,
  isAuthenticated: [33mtrue[39m,
  loading: [33mfalse[39m
}
[Socket] Waiting for authentication...

[90mstdout[2m | tests/ProtectedRoute.test.jsx[2m > [22m[2mProtectedRoute - RBAC Enforcement[2m > [22m[2mAccess Control for Single Role[2m > [22m[2mshould grant access to patient accessing patient-only route
[22m[39mRole Debug: {
  isAdmin: [33mfalse[39m,
  role: [32m'patient'[39m,
  isAuthenticated: [33mtrue[39m,
  loading: [33mfalse[39m
}
[Socket] Waiting for authentication...

[90mstdout[2m | tests/ProtectedRoute.test.jsx[2m > [22m[2mProtectedRoute - RBAC Enforcement[2m > [22m[2mMulti-Role Access Control[2m > [22m[2mshould grant access when user role matches one of multiple allowed roles (doctor)
[22m[39mRole Debug: {
  isAdmin: [33mfalse[39m,
  role: [32m'doctor'[39m,
  isAuthenticated: [33mtrue[39m,
  loading: [33mfalse[39m
}
[Socket] Waiting for authentication...

[90mstdout[2m | tests/ProtectedRoute.test.jsx[2m > [22m[2mProtectedRoute - RBAC Enforcement[2m > [22m[2mMulti-Role Access Control[2m > [22m[2mshould grant access when user role matches one of multiple allowed roles (secretary)
[22m[39mRole Debug: {
  isAdmin: [33mfalse[39m,
  role: [32m'secretary'[39m,
  isAuthenticated: [33mtrue[39m,
  loading: [33mfalse[39m
}
[Socket] Waiting for authentication...

 [32m✓[39m tests/ProtectedRoute.test.jsx[2m > [22mProtectedRoute - RBAC Enforcement[2m > [22mAccess Control for Single Role[2m > [22mshould grant access to doctor accessing doctor-only route[32m 156[2mms[22m[39m
 [32m✓[39m tests/ProtectedRoute.test.jsx[2m > [22mProtectedRoute - RBAC Enforcement[2m > [22mAccess Control for Single Role[2m > [22mshould grant access to secretary accessing secretary-only route[32m 20[2mms[22m[39m
 [32m✓[39m tests/ProtectedRoute.test.jsx[2m > [22mProtectedRoute - RBAC Enforcement[2m > [22mAccess Control for Single Role[2m > [22mshould grant access to patient accessing patient-only route[32m 21[2mms[22m[39m
 [32m✓[39m tests/ProtectedRoute.test.jsx[2m > [22mProtectedRoute - RBAC Enforcement[2m > [22mMulti-Role Access Control[2m > [22mshould grant access when user role matches one of multiple allowed roles (doctor)[32m 36[2mms[22m[39m
[90mstdout[2m | tests/ProtectedRoute.test.jsx[2m > [22m[2mProtectedRoute - RBAC Enforcement[2m > [22m[2mLoading State[2m > [22m[2mshould show loading indicator while authentication is in progress
[22m[39mRole Debug: { isAdmin: [33mfalse[39m, role: [1mnull[22m, isAuthenticated: [33mfalse[39m, loading: [33mtrue[39m }
[Socket] Waiting for authentication...

[90mstdout[2m | tests/ProtectedRoute.test.jsx[2m > [22m[2mProtectedRoute - RBAC Enforcement[2m > [22m[2mCase-Insensitive Role Matching[2m > [22m[2mshould match roles case-insensitively (uppercase user role, lowercase required)
[22m[39mRole Debug: {
  isAdmin: [33mfalse[39m,
  role: [32m'DOCTOR'[39m,
  isAuthenticated: [33mtrue[39m,
  loading: [33mfalse[39m
}
[Socket] Waiting for authentication...

[90mstdout[2m | tests/ProtectedRoute.test.jsx[2m > [22m[2mProtectedRoute - RBAC Enforcement[2m > [22m[2mCase-Insensitive Role Matching[2m > [22m[2mshould match roles case-insensitively in multi-role arrays
[22m[39mRole Debug: {
  isAdmin: [33mfalse[39m,
  role: [32m'Secretary'[39m,
  isAuthenticated: [33mtrue[39m,
  loading: [33mfalse[39m
}
[Socket] Waiting for authentication...

[90mstdout[2m | tests/ProtectedRoute.test.jsx[2m > [22m[2mProtectedRoute - RBAC Enforcement[2m > [22m[2mAdmin Access Blocking[2m > [22m[2mshould show loading while admin context loads
[22m[39mRole Debug: { isAdmin: [33mfalse[39m, role: [1mnull[22m, isAuthenticated: [33mfalse[39m, loading: [33mtrue[39m }
[Socket] Waiting for authentication...

[90mstdout[2m | tests/ProtectedRoute.test.jsx[2m > [22m[2mProtectedRoute - RBAC Enforcement[2m > [22m[2mUnauthenticated Access Blocking[2m > [22m[2mshould show loading when not authenticated and loading is false
[22m[39mRole Debug: { isAdmin: [33mfalse[39m, role: [1mnull[22m, isAuthenticated: [33mfalse[39m, loading: [33mfalse[39m }
ProtectedRoute: User not authenticated. Redirecting to /login.
Role Debug: { isAdmin: [33mfalse[39m, role: [1mnull[22m, isAuthenticated: [33mfalse[39m }
[Socket] Waiting for authentication...

[90mstderr[2m | tests/ProtectedRoute.test.jsx[2m > [22m[2mProtectedRoute - RBAC Enforcement[2m > [22m[2mUnauthenticated Access Blocking[2m > [22m[2mshould show loading when not authenticated and loading is false
[22m[39mNo routes matched location "/login" 

 [32m✓[39m tests/ProtectedRoute.test.jsx[2m > [22mProtectedRoute - RBAC Enforcement[2m > [22mMulti-Role Access Control[2m > [22mshould grant access when user role matches one of multiple allowed roles (secretary)[32m 16[2mms[22m[39m
 [31m×[39m tests/ProtectedRoute.test.jsx[2m > [22mProtectedRoute - RBAC Enforcement[2m > [22mLoading State[2m > [22mshould show loading indicator while authentication is in progress[32m 29[2mms[22m[39m
[31m   → Unable to find an element with the text: Loading.... This could be because the text is broken up by multiple elements. In this case, you can provide a function for your text matcher to make your matcher more flexible.

Ignored nodes: comments, script, style
[36m<body>[31m
  [36m<div>[31m
    [36m<div>[31m
      [0mcomponents_auth_ProtectedRoute.text_loading[0m
    [36m</div>[31m
  [36m</div>[31m
[36m</body>[31m[39m
 [32m✓[39m tests/ProtectedRoute.test.jsx[2m > [22mProtectedRoute - RBAC Enforcement[2m > [22mCase-Insensitive Role Matching[2m > [22mshould match roles case-insensitively (uppercase user role, lowercase required)[32m 11[2mms[22m[39m
 [32m✓[39m tests/ProtectedRoute.test.jsx[2m > [22mProtectedRoute - RBAC Enforcement[2m > [22mCase-Insensitive Role Matching[2m > [22mshould match roles case-insensitively in multi-role arrays[32m 9[2mms[22m[39m
 [31m×[39m tests/ProtectedRoute.test.jsx[2m > [22mProtectedRoute - RBAC Enforcement[2m > [22mAdmin Access Blocking[2m > [22mshould show loading while admin context loads[32m 15[2mms[22m[39m
[31m   → Unable to find an element with the text: Loading.... This could be because the text is broken up by multiple elements. In this case, you can provide a function for your text matcher to make your matcher more flexible.

Ignored nodes: comments, script, style
[36m<body>[31m
  [36m<div>[31m
    [36m<div>[31m
      [0mcomponents_auth_ProtectedRoute.text_loading[0m
    [36m</div>[31m
  [36m</div>[31m
[36m</body>[31m[39m
 [32m✓[39m tests/ProtectedRoute.test.jsx[2m > [22mProtectedRoute - RBAC Enforcement[2m > [22mUnauthenticated Access Blocking[2m > [22mshould show loading when not authenticated and loading is false[32m 21[2mms[22m[39m
[90mstdout[2m | tests/FinancialManager.test.jsx[2m > [22m[2mFinancialManager[2m > [22m[2mRBAC: Create Button Visibility[2m > [22m[2mshould show 'خطة جديدة' button for doctors
[22m[39mRole Debug: {
  isAdmin: [33mfalse[39m,
  role: [32m'doctor'[39m,
  isAuthenticated: [33mtrue[39m,
  loading: [33mtrue[39m
}
[Socket] Connecting to: http://localhost:5000

[90mstderr[2m | tests/FinancialManager.test.jsx[2m > [22m[2mFinancialManager[2m > [22m[2mRBAC: Create Button Visibility[2m > [22m[2mshould show 'خطة جديدة' button for doctors
[22m[39mreact-i18next:: useTranslation: You will need to pass in an i18next instance by using initReactI18next { code: [32m'NO_I18NEXT_INSTANCE'[39m }
⚠️ React Router Future Flag Warning: React Router will begin wrapping state updates in `React.startTransition` in v7. You can use the `v7_startTransition` future flag to opt-in early. For more information, see https://reactrouter.com/v6/upgrading/future#v7_starttransition.
⚠️ React Router Future Flag Warning: Relative route resolution within Splat routes is changing in v7. You can use the `v7_relativeSplatPath` future flag to opt-in early. For more information, see https://reactrouter.com/v6/upgrading/future#v7_relativesplatpath.

[90mstdout[2m | tests/FinancialManager.test.jsx[2m > [22m[2mFinancialManager[2m > [22m[2mRBAC: Create Button Visibility[2m > [22m[2mshould show 'خطة جديدة' button for doctors
[22m[39mRole Debug: {
  isAdmin: [33mfalse[39m,
  role: [32m'doctor'[39m,
  isAuthenticated: [33mtrue[39m,
  loading: [33mtrue[39m
}

[90mstdout[2m | tests/FinancialManager.test.jsx[2m > [22m[2mFinancialManager[2m > [22m[2mRBAC: Create Button Visibility[2m > [22m[2mshould show 'خطة جديدة' button for secretaries
[22m[39mRole Debug: {
  isAdmin: [33mfalse[39m,
  role: [32m'secretary'[39m,
  isAuthenticated: [33mtrue[39m,
  loading: [33mtrue[39m
}
[SocketContext] Secretary user object: {
  _id: [32m'user-1'[39m,
  name: [32m'Secretary User'[39m,
  role: [32m'secretary'[39m,
  clinicSlug: [32m'doc-a'[39m,
  doctorId: [32m'doctor-1'[39m
}
[SocketContext] Secretary clinicSlug: doc-a
[SocketContext] Secretary doctorId: doctor-1
[Socket] Connecting to: http://localhost:5000

[90mstdout[2m | tests/FinancialManager.test.jsx[2m > [22m[2mFinancialManager[2m > [22m[2mRBAC: Create Button Visibility[2m > [22m[2mshould show 'خطة جديدة' button for secretaries
[22m[39mRole Debug: {
  isAdmin: [33mfalse[39m,
  role: [32m'secretary'[39m,
  isAuthenticated: [33mtrue[39m,
  loading: [33mtrue[39m
}

 [32m✓[39m tests/FinancialManager.test.jsx[2m > [22mFinancialManager[2m > [22mRBAC: Create Button Visibility[2m > [22mshould show 'خطة جديدة' button for doctors[33m 489[2mms[22m[39m
[90mstdout[2m | tests/FinancialManager.test.jsx[2m > [22m[2mFinancialManager[2m > [22m[2mRBAC: Create Button Visibility[2m > [22m[2mshould NOT show 'خطة جديدة' button for patients
[22m[39mRole Debug: {
  isAdmin: [33mfalse[39m,
  role: [32m'patient'[39m,
  isAuthenticated: [33mtrue[39m,
  loading: [33mtrue[39m
}
[Socket] Connecting to: http://localhost:5000

[90mstdout[2m | tests/SecretaryAppointmentsList.test.jsx[2m > [22m[2mSecretaryAppointmentsList[2m > [22m[2mrenders action buttons and calls the cancel endpoint when Cancel is clicked
[22m[39mRole Debug: {
  isAdmin: [33mfalse[39m,
  role: [32m'secretary'[39m,
  isAuthenticated: [33mtrue[39m,
  loading: [33mtrue[39m
}
Role Debug: {
  isAdmin: [33mfalse[39m,
  role: [32m'secretary'[39m,
  isAuthenticated: [33mtrue[39m,
  loading: [33mtrue[39m
}
[NotificationBell] Notifications updated: [33m0[39m items
[2026-06-15T08:43:29.368Z] [SecretaryAppointmentsList] Fetching secretary appointments
[SocketContext] Secretary user object: {
  _id: [32m'user-1'[39m,
  name: [32m'Secretary User'[39m,
  role: [32m'secretary'[39m,
  clinicSlug: [32m'doc-a'[39m,
  doctorId: [32m'doctor-1'[39m
}
[SocketContext] Secretary clinicSlug: doc-a
[SocketContext] Secretary doctorId: doctor-1
[Socket] Connecting to: http://localhost:5000

[90mstderr[2m | tests/SecretaryAppointmentsList.test.jsx[2m > [22m[2mSecretaryAppointmentsList[2m > [22m[2mrenders action buttons and calls the cancel endpoint when Cancel is clicked
[22m[39mreact-i18next:: useTranslation: You will need to pass in an i18next instance by using initReactI18next { code: [32m'NO_I18NEXT_INSTANCE'[39m }
⚠️ React Router Future Flag Warning: React Router will begin wrapping state updates in `React.startTransition` in v7. You can use the `v7_startTransition` future flag to opt-in early. For more information, see https://reactrouter.com/v6/upgrading/future#v7_starttransition.
⚠️ React Router Future Flag Warning: Relative route resolution within Splat routes is changing in v7. You can use the `v7_relativeSplatPath` future flag to opt-in early. For more information, see https://reactrouter.com/v6/upgrading/future#v7_relativesplatpath.

[90mstdout[2m | tests/FinancialManager.test.jsx[2m > [22m[2mFinancialManager[2m > [22m[2mRBAC: Create Button Visibility[2m > [22m[2mshould NOT show 'خطة جديدة' button for patients
[22m[39mRole Debug: {
  isAdmin: [33mfalse[39m,
  role: [32m'patient'[39m,
  isAuthenticated: [33mtrue[39m,
  loading: [33mtrue[39m
}

[90mstdout[2m | tests/SecretaryAppointmentsList.test.jsx[2m > [22m[2mSecretaryAppointmentsList[2m > [22m[2mrenders action buttons and calls the cancel endpoint when Cancel is clicked
[22m[39m[2026-06-15T08:43:29.461Z] [SecretaryAppointmentsList] Appointments fetched { count: [33m1[39m }

[90mstdout[2m | tests/FinancialManager.test.jsx[2m > [22m[2mFinancialManager[2m > [22m[2mFinancial Summary Display[2m > [22m[2mshould display financial summary cards with correct data
[22m[39mRole Debug: {
  isAdmin: [33mfalse[39m,
  role: [32m'doctor'[39m,
  isAuthenticated: [33mtrue[39m,
  loading: [33mtrue[39m
}
[Socket] Connecting to: http://localhost:5000

[90mstdout[2m | tests/FinancialManager.test.jsx[2m > [22m[2mFinancialManager[2m > [22m[2mFinancial Summary Display[2m > [22m[2mshould display financial summary cards with correct data
[22m[39mRole Debug: {
  isAdmin: [33mfalse[39m,
  role: [32m'doctor'[39m,
  isAuthenticated: [33mtrue[39m,
  loading: [33mtrue[39m
}

 [32m✓[39m tests/FinancialManager.test.jsx[2m > [22mFinancialManager[2m > [22mRBAC: Create Button Visibility[2m > [22mshould show 'خطة جديدة' button for secretaries[32m 126[2mms[22m[39m
 [32m✓[39m tests/FinancialManager.test.jsx[2m > [22mFinancialManager[2m > [22mRBAC: Create Button Visibility[2m > [22mshould NOT show 'خطة جديدة' button for patients[32m 69[2mms[22m[39m
[90mstdout[2m | tests/SecretaryAppointmentsList.test.jsx[2m > [22m[2mSecretaryAppointmentsList[2m > [22m[2mrenders action buttons and calls the cancel endpoint when Cancel is clicked
[22m[39mRole Debug: {
  isAdmin: [33mfalse[39m,
  role: [32m'secretary'[39m,
  isAuthenticated: [33mtrue[39m,
  loading: [33mtrue[39m
}
Role Debug: {
  isAdmin: [33mfalse[39m,
  role: [32m'secretary'[39m,
  isAuthenticated: [33mtrue[39m,
  loading: [33mtrue[39m
}

[90mstdout[2m | tests/SecretaryAppointmentsList.test.jsx[2m > [22m[2mSecretaryAppointmentsList[2m > [22m[2mrenders action buttons and calls the cancel endpoint when Cancel is clicked
[22m[39mRole Debug: {
  isAdmin: [33mfalse[39m,
  role: [32m'secretary'[39m,
  isAuthenticated: [33mtrue[39m,
  loading: [33mtrue[39m
}
Role Debug: {
  isAdmin: [33mfalse[39m,
  role: [32m'secretary'[39m,
  isAuthenticated: [33mtrue[39m,
  loading: [33mtrue[39m
}

[90mstdout[2m | tests/SecretaryAppointmentsList.test.jsx[2m > [22m[2mSecretaryAppointmentsList[2m > [22m[2mrenders action buttons and calls the cancel endpoint when Cancel is clicked
[22m[39mRole Debug: {
  isAdmin: [33mfalse[39m,
  role: [32m'secretary'[39m,
  isAuthenticated: [33mtrue[39m,
  loading: [33mtrue[39m
}
Role Debug: {
  isAdmin: [33mfalse[39m,
  role: [32m'secretary'[39m,
  isAuthenticated: [33mtrue[39m,
  loading: [33mtrue[39m
}

[90mstdout[2m | tests/FinancialManager.test.jsx[2m > [22m[2mFinancialManager[2m > [22m[2mFinancial Summary Display[2m > [22m[2mshould calculate correct total cost, paid, and remaining amounts
[22m[39mRole Debug: {
  isAdmin: [33mfalse[39m,
  role: [32m'doctor'[39m,
  isAuthenticated: [33mtrue[39m,
  loading: [33mtrue[39m
}
[Socket] Connecting to: http://localhost:5000

[90mstdout[2m | tests/FinancialManager.test.jsx[2m > [22m[2mFinancialManager[2m > [22m[2mFinancial Summary Display[2m > [22m[2mshould calculate correct total cost, paid, and remaining amounts
[22m[39mRole Debug: {
  isAdmin: [33mfalse[39m,
  role: [32m'doctor'[39m,
  isAuthenticated: [33mtrue[39m,
  loading: [33mtrue[39m
}

 [31m×[39m tests/FinancialManager.test.jsx[2m > [22mFinancialManager[2m > [22mFinancial Summary Display[2m > [22mshould display financial summary cards with correct data[33m 1035[2mms[22m[39m
[31m   → Unable to find an element with the text: Total Cost. This could be because the text is broken up by multiple elements. In this case, you can provide a function for your text matcher to make your matcher more flexible.

Ignored nodes: comments, script, style
[36m<body>[31m
  [36m<div>[31m
    [36m<div[31m
      [33mclass[31m=[32m"mt-8 space-y-6"[31m
    [36m>[31m
      [36m<div[31m
        [33mclass[31m=[32m"grid grid-cols-1 md:grid-cols-3 gap-4"[31m
      [36m>[31m
        [36m<div[31m
          [33mclass[31m=[32m"
    backdrop-blur-md bg-white/70 dark:bg-gray-900/70
    border border-white/20 dark:border-gray-700/30
    rounded-[28px] p-6 shadow-lg
    transition-all duration-300
   hover:scale-[1.02] hover:shadow-2xl hover:border-white/40 bg-gradient-to-br from-blue-50/80 to-cyan-50/80 dark:from-blue-900/20 dark:to-cyan-900/20  p-6"[31m
          [33mtabindex[31m=[32m"0"[31m
        [36m>[31m
          [36m<div[31m
            [33mclass[31m=[32m"flex items-center gap-4"[31m
          [36m>[31m
            [36m<div[31m
              [33mclass[31m=[32m"p-3 rounded-xl bg-gradient-to-br from-blue-500 to-cyan-400"[31m
            [36m>[31m
              [36m<svg[31m
                [33maria-hidden[31m=[32m"true"[31m
                [33mclass[31m=[32m"lucide lucide-dollar-sign w-6 h-6 text-white"[31m
                [33mfill[31m=[32m"none"[31m
                [33mheight[31m=[32m"24"[31m
                [33mstroke[31m=[32m"currentColor"[31m
                [33mstroke-linecap[31m=[32m"round"[31m
                [33mstroke-linejoin[31m=[32m"round"[31m
                [33mstroke-width[31m=[32m"2"[31m
                [33mviewBox[31m=[32m"0 0 24 24"[31m
                [33mwidth[31m=[32m"24"[31m
                [33mxmlns[31m=[32m"http://www.w3.org/2000/svg"[31m
              [36m>[31m
                [36m<line[31m
                  [33mx1[31m=[32m"12"[31m
                  [33mx2[31m=[32m"12"[31m
                  [33my1[31m=[32m"2"[31m
                  [33my2[31m=[32m"22"[31m
                [36m/>[31m
                [36m<path[31m
                  [33md[31m=[32m"M17 5H9.5a3.5 3.5 0 0 0 0 7h5a3.5 3.5 0 0 1 0 7H6"[31m
                [36m/>[31m
              [36m</svg>[31m
            [36m</div>[31m
            [36m<div>[31m
              [36m<p[31m
                [33mclass[31m=[32m"text-sm text-gray-500 dark:text-gray-400"[31m
              [36m>[31m
                [0mcomponents_FinancialManager.text_total_cost[0m
              [36m</p>[31m
              [36m<p[31m
                [33mclass[31m=[32m"text-2xl font-bold text-gray-900 dark:text-white"[31m
              [36m>[31m
                [0m$800[0m
              [36m</p>[31m
            [36m</div>[31m
          [36m</div>[31m
        [36m</div>[31m
        [36m<div[31m
          [33mclass[31m=[32m"
    backdrop-blur-md bg-white/70 dark:bg-gray-900/70
    border border-white/20 dark:border-gray-700/30
    rounded-[28px] p-6 shadow-lg
    transition-all duration-300
   hover:scale-[1.02] hover:shadow-2xl hover:border-white/40 bg-gradient-to-br from-blue-50/80 to-cyan-50/80 dark:from-blue-900/20 dark:to-cyan-900/20  p-6"[31m
          [33mtabindex[31m=[32m"0"[31m
        [36m>[31m
          [36m<div[31m
            [33mclass[31m=[32m"flex items-center gap-4"[31m
          [36m>[31m
            [36m<div[31m
              [33mclass[31m=[32m"p-3 rounded-xl bg-gradient-to-br from-emerald-500 to-green-400"[31m
            [36m>[31m
              [36m<svg[31m
                [33maria-hidden[31m=[32m"true"[31m
                [33mclass[31m=[32m"lucide lucide-trending-up w-6 h-6 text-white"[31m
                [33mfill[31m=[32m"none"[31m
                [33mheight[31m=[32m"24"[31m
                [33mstroke[31m=[32m"currentColor"[31m
                [33mstroke-linecap[31m=[32m"round"[31m
                [33mstroke-linejoin[31m=[32m"round"[31m
                [33mstroke-width[31m=[32m"2"[31m
                [33mviewBox[31m=[32m"0 0 24 24"[31m
                [33mwidth[31m=[32m"24"[31m
                [33mxmlns[31m=[32m"http://www.w3.org/2000/svg"[31m
              [36m>[31m
                [36m<path[31m
                  [33md[31m=[32m"M16 7h6v6"[31m
                [36m/>[31m
                [36m<path[31m
                  [33md[31m=[32m"m22 7-8.5 8.5-5-5L2 17"[31m
                [36m/>[31m
              [36m</svg>[31m
            [36m</div>[31m
            [36m<div>[31m
              [36m<p[31m
                [33mclass[31m=[32m"text-sm text-gray-500 dark:text-gray-400"[31m
              [36m>[31m
                [0mcomponents_FinancialManager.text_total_paid[0m
              [36m</p>[31m
              [36m<p[31m
                [33mclass[31m=[32m"text-2xl font-bold text-gray-900 dark:text-white"[31m
              [36m>[31m
                [0m$250[0m
              [36m</p>[31m
            [36m</div>[31m
          [36m</div>[31m
        [36m</div>[31m
        [36m<div[31m
          [33mclass[31m=[32m"
    backdrop-blur-md bg-white/70 dark:bg-gray-900/70
    border border-white/20 dark:border-gray-700/30
    rounded-[28px] p-6 shadow-lg
    transition-all duration-300
   hover:scale-[1.02] hover:shadow-2xl hover:border-white/40 bg-gradient-to-br from-blue-50/80 to-cyan-50/80 dark:from-blue-900/20 dark:to-cyan-900/20  p-6"[31m
          [33mtabindex[31m=[32m"0"[31m
        [36m>[31m
          [36m<div[31m
            [33mclass[31m=[32m"flex items-center gap-4"[31m
          [36m>[31m
            [36m<div[31m
              [33mclass[31m=[32m"p-3 rounded-xl bg-gradient-to-br from-amber-500 to-orange-400"[31m
            [36m>[31m
              [36m<svg[31m
                [33maria-hidden[31m=[32m"true"[31m
                [33mclass[31m=[32m"lucide lucide-credit-card w-6 h-6 text-white"[31m
                [33mfill[31m=[32m"none"[31m
                [33mheight[31m=[32m"24"[31m
                [33mstroke[31m=[32m"currentColor"[31m
                [33mstroke-linecap[31m=[32m"round"[31m
                [33mstroke-linejoin[31m=[32m"round"[31m
                [33mstroke-width[31m=[32m"2"[31m
                [33mviewBox[31m=[32m"0 0 24 24"[31m
                [33mwidth[31m=[32m"24"[31m
                [33mxmlns[31m=[32m"http://www.w3.org/2000/svg"[31m
              [36m>[31m
                [36m<rect[31m
                  [33mheight[31m=[32m"14"[31m
                  [33mrx[31m=[32m"2"[31m
                  [33mwidth[31m=[32m"20"[31m
                  [33mx[31m=[32m"2"[31m
                  [33my[31m=[32m"5"[31m
                [36m/>[31m
                [36m<line[31m
                  [33mx1[31m=[32m"2"[31m
                  [33mx2[31m=[32m"22"[31m
                  [33my1[31m=[32m"10"[31m
                  [33my2[31m=[32m"10"[31m
                [36m/>[31m
              [36m</svg>[31m
            [36m</div>[31m
            [36m<div>[31m
              [36m<p[31m
                [33m...

Ignored nodes: comments, script, style
[36m<html[31m
  [33mdir[31m=[32m"ltr"[31m
  [33mlang[31m=[32m"undefined"[31m
[36m>[31m
  [36m<head />[31m
  [36m<body>[31m
    [36m<div>[31m
      [36m<div[31m
        [33mclass[31m=[32m"mt-8 space-y-6"[31m
      [36m>[31m
        [36m<div[31m
          [33mclass[31m=[32m"grid grid-cols-1 md:grid-cols-3 gap-4"[31m
        [36m>[31m
          [36m<div[31m
            [33mclass[31m=[32m"
    backdrop-blur-md bg-white/70 dark:bg-gray-900/70
    border border-white/20 dark:border-gray-700/30
    rounded-[28px] p-6 shadow-lg
    transition-all duration-300
   hover:scale-[1.02] hover:shadow-2xl hover:border-white/40 bg-gradient-to-br from-blue-50/80 to-cyan-50/80 dark:from-blue-900/20 dark:to-cyan-900/20  p-6"[31m
            [33mtabindex[31m=[32m"0"[31m
          [36m>[31m
            [36m<div[31m
              [33mclass[31m=[32m"flex items-center gap-4"[31m
            [36m>[31m
              [36m<div[31m
                [33mclass[31m=[32m"p-3 rounded-xl bg-gradient-to-br from-blue-500 to-cyan-400"[31m
              [36m>[31m
                [36m<svg[31m
                  [33maria-hidden[31m=[32m"true"[31m
                  [33mclass[31m=[32m"lucide lucide-dollar-sign w-6 h-6 text-white"[31m
                  [33mfill[31m=[32m"none"[31m
                  [33mheight[31m=[32m"24"[31m
                  [33mstroke[31m=[32m"currentColor"[31m
                  [33mstroke-linecap[31m=[32m"round"[31m
                  [33mstroke-linejoin[31m=[32m"round"[31m
                  [33mstroke-width[31m=[32m"2"[31m
                  [33mviewBox[31m=[32m"0 0 24 24"[31m
                  [33mwidth[31m=[32m"24"[31m
                  [33mxmlns[31m=[32m"http://www.w3.org/2000/svg"[31m
                [36m>[31m
                  [36m<line[31m
                    [33mx1[31m=[32m"12"[31m
                    [33mx2[31m=[32m"12"[31m
                    [33my1[31m=[32m"2"[31m
                    [33my2[31m=[32m"22"[31m
                  [36m/>[31m
                  [36m<path[31m
                    [33md[31m=[32m"M17 5H9.5a3.5 3.5 0 0 0 0 7h5a3.5 3.5 0 0 1 0 7H6"[31m
                  [36m/>[31m
                [36m</svg>[31m
              [36m</div>[31m
              [36m<div>[31m
                [36m<p[31m
                  [33mclass[31m=[32m"text-sm text-gray-500 dark:text-gray-400"[31m
                [36m>[31m
                  [0mcomponents_FinancialManager.text_total_cost[0m
                [36m</p>[31m
                [36m<p[31m
                  [33mclass[31m=[32m"text-2xl font-bold text-gray-900 dark:text-white"[31m
                [36m>[31m
                  [0m$800[0m
                [36m</p>[31m
              [36m</div>[31m
            [36m</div>[31m
          [36m</div>[31m
          [36m<div[31m
            [33mclass[31m=[32m"
    backdrop-blur-md bg-white/70 dark:bg-gray-900/70
    border border-white/20 dark:border-gray-700/30
    rounded-[28px] p-6 shadow-lg
    transition-all duration-300
   hover:scale-[1.02] hover:shadow-2xl hover:border-white/40 bg-gradient-to-br from-blue-50/80 to-cyan-50/80 dark:from-blue-900/20 dark:to-cyan-900/20  p-6"[31m
            [33mtabindex[31m=[32m"0"[31m
          [36m>[31m
            [36m<div[31m
              [33mclass[31m=[32m"flex items-center gap-4"[31m
            [36m>[31m
              [36m<div[31m
                [33mclass[31m=[32m"p-3 rounded-xl bg-gradient-to-br from-emerald-500 to-green-400"[31m
              [36m>[31m
                [36m<svg[31m
                  [33maria-hidden[31m=[32m"true"[31m
                  [33mclass[31m=[32m"lucide lucide-trending-up w-6 h-6 text-white"[31m
                  [33mfill[31m=[32m"none"[31m
                  [33mheight[31m=[32m"24"[31m
                  [33mstroke[31m=[32m"currentColor"[31m
                  [33mstroke-linecap[31m=[32m"round"[31m
                  [33mstroke-linejoin[31m=[32m"round"[31m
                  [33mstroke-width[31m=[32m"2"[31m
                  [33mviewBox[31m=[32m"0 0 24 24"[31m
                  [33mwidth[31m=[32m"24"[31m
                  [33mxmlns[31m=[32m"http://www.w3.org/2000/svg"[31m
                [36m>[31m
                  [36m<path[31m
                    [33md[31m=[32m"M16 7h6v6"[31m
                  [36m/>[31m
                  [36m<path[31m
                    [33md[31m=[32m"m22 7-8.5 8.5-5-5L2 17"[31m
                  [36m/>[31m
                [36m</svg>[31m
              [36m</div>[31m
              [36m<div>[31m
                [36m<p[31m
                  [33mclass[31m=[32m"text-sm text-gray-500 dark:text-gray-400"[31m
                [36m>[31m
                  [0mcomponents_FinancialManager.text_total_paid[0m
                [36m</p>[31m
                [36m<p[31m
                  [33mclass[31m=[32m"text-2xl font-bold text-gray-900 dark:text-white"[31m
                [36m>[31m
                  [0m$250[0m
                [36m</p>[31m
              [36m</div>[31m
            [36m</div>[31m
          [36m</div>[31m
          [36m<div[31m
            [33mclass[31m=[32m"
    backdrop-blur-md bg-white/70 dark:bg-gray-900/70
    border border-white/20 dark:border-gray-700/30
    rounded-[28px] p-6 shadow-lg
    transition-all duration-300
   hover:scale-[1.02] hover:shadow-2xl hover:border-white/40 bg-gradient-to-br from-blue-50/80 to-cyan-50/80 dark:from-blue-900/20 dark:to-cyan-900/20  p-6"[31m
            [33mtabindex[31m=[32m"0"[31m
          [36m>[31m
            [36m<div[31m
              [33mclass[31m=[32m"flex items-center gap-4"[31m
            [36m>[31m
              [36m<div[31m
                [33mclass[31m=[32m"p-3 rounded-xl bg-gradient-to-br from-amber-500 to-orange-400"[31m
              [36m>[31m
                [36m<svg[31m
                  [33maria-hidden[31m=[32m"true"[31m
                  [33mclass[31m=[32m"lucide lucide-credit-card w-6 h-6 text-white"[31m
                  [33mfill[31m=[32m"none"[31m
                  [33mheight[31m=[32m"24"[31m
                  [33mstroke[31m=[32m"currentColor"[31m
                  [33mstroke-linecap[31m=[32m"round"[31m
                  [33mstroke-linejoin[31m=[32m"round"[31m
                  [33mstroke-width[31m=[32m"2"[31m
                  [33mviewBox[31m=[32m"0 0 24 24"[31m
                  [33mwidth[31m=[32m"24"[31m
                  [33mxmlns[31m=[32m"http://www.w3.org/2000/svg"[31m
                [36m>[31m
                  [36m<rect[31m
                    [33mheight[31m=[32m"14"[31m
                    [33mrx[31m=[32m"2"[31m
                    [33mwidth[31m=[32m"20"[31m
                    [33mx[31m=[32m"2"[31m
                    [33my[31m=[32m"5"[31m
                  [36m/>[39...[39m
 [31m×[39m tests/SecretaryAppointmentsList.test.jsx[2m > [22mSecretaryAppointmentsList[2m > [22mrenders action buttons and calls the cancel endpoint when Cancel is clicked[33m 2004[2mms[22m[39m
[31m   → Unable to find an element with the text: Appointment cancelled successfully.. This could be because the text is broken up by multiple elements. In this case, you can provide a function for your text matcher to make your matcher more flexible.

Ignored nodes: comments, script, style
[36m<body>[31m
  [36m<div>[31m
    [36m<div[31m
      [33mclass[31m=[32m"flex flex-col min-h-screen bg-slate-50 text-slate-900 transition-colors duration-300 ease-in-out dark:bg-slate-950 dark:text-slate-100"[31m
    [36m>[31m
      [36m<header[31m
        [33mclass[31m=[32m"bg-white border-b border-slate-200 sticky top-0 z-40"[31m
      [36m>[31m
        [36m<div[31m
          [33mclass[31m=[32m"container mx-auto px-6 py-4 flex items-center justify-between gap-4"[31m
        [36m>[31m
          [36m<a[31m
            [33mclass[31m=[32m"inline-flex items-center gap-3 text-xl font-semibold text-slate-900"[31m
            [33mhref[31m=[32m"/"[31m
          [36m>[31m
            [36m<span[31m
              [33mclass[31m=[32m"inline-flex h-10 w-10 items-center justify-center rounded-2xl bg-blue-50 text-blue-600"[31m
            [36m>[31m
              [0mC[0m
            [36m</span>[31m
            [0mcomponents_layout_Navigation.text_clinicsaas[0m
          [36m</a>[31m
          [36m<nav[31m
            [33mclass[31m=[32m"hidden md:flex items-center gap-4 text-sm font-medium text-slate-600"[31m
          [36m>[31m
            [36m<a[31m
              [33mclass[31m=[32m"hover:text-slate-900 transition-colors"[31m
              [33mhref[31m=[32m"/secretary/dashboard"[31m
            [36m>[31m
              [0mdashboard[0m
            [36m</a>[31m
            [36m<a[31m
              [33mclass[31m=[32m"hover:text-slate-900 transition-colors"[31m
              [33mhref[31m=[32m"/secretary/appointments"[31m
            [36m>[31m
              [0mappointments[0m
            [36m</a>[31m
            [36m<a[31m
              [33mclass[31m=[32m"hover:text-slate-900 transition-colors"[31m
              [33mhref[31m=[32m"/secretary/patients"[31m
            [36m>[31m
              [0mpatients[0m
            [36m</a>[31m
            [36m<button[31m
              [33maria-label[31m=[32m"components_layout_Navigation.attr_aria_label_toggle_theme"[31m
              [33mclass[31m=[32m"inline-flex h-10 w-10 items-center justify-center rounded-full bg-slate-100 text-slate-700 transition hover:bg-slate-200 dark:bg-slate-800 dark:text-slate-200 dark:hover:bg-slate-700"[31m
            [36m>[31m
              [36m<svg[31m
                [33maria-hidden[31m=[32m"true"[31m
                [33mclass[31m=[32m"lucide lucide-moon h-5 w-5"[31m
                [33mfill[31m=[32m"none"[31m
                [33mheight[31m=[32m"24"[31m
                [33mstroke[31m=[32m"currentColor"[31m
                [33mstroke-linecap[31m=[32m"round"[31m
                [33mstroke-linejoin[31m=[32m"round"[31m
                [33mstroke-width[31m=[32m"2"[31m
                [33mviewBox[31m=[32m"0 0 24 24"[31m
                [33mwidth[31m=[32m"24"[31m
                [33mxmlns[31m=[32m"http://www.w3.org/2000/svg"[31m
              [36m>[31m
                [36m<path[31m
                  [33md[31m=[32m"M20.985 12.486a9 9 0 1 1-9.473-9.472c.405-.022.617.46.402.803a6 6 0 0 0 8.268 8.268c.344-.215.825-.004.803.401"[31m
                [36m/>[31m
              [36m</svg>[31m
            [36m</button>[31m
            [36m<button[31m
              [33maria-label[31m=[32m"components_layout_Navigation.attr_aria_label_toggle_language"[31m
              [33mclass[31m=[32m"inline-flex items-center gap-2 px-3 py-2 rounded-lg bg-slate-100 text-slate-700 hover:bg-slate-200 dark:bg-slate-800 dark:text-slate-200"[31m
              [33mtitle[31m=[32m"العربية"[31m
            [36m>[31m
              [0mالعربية[0m
            [36m</button>[31m
            [36m<div[31m
              [33mclass[31m=[32m"relative"[31m
            [36m>[31m
              [36m<button[31m
                [33maria-label[31m=[32m"components_NotificationBell.attr_aria_label_notifications"[31m
                [33mclass[31m=[32m"relative flex h-10 w-10 items-center justify-center rounded-full bg-slate-100 text-slate-700 transition-colors hover:bg-slate-200 dark:bg-slate-800 dark:text-slate-200 dark:hover:bg-slate-700"[31m
                [33mtabindex[31m=[32m"0"[31m
              [36m>[31m
                [36m<svg[31m
                  [33maria-hidden[31m=[32m"true"[31m
                  [33mclass[31m=[32m"lucide lucide-bell opacity-50"[31m
                  [33mfill[31m=[32m"none"[31m
                  [33mheight[31m=[32m"20"[31m
                  [33mstroke[31m=[32m"currentColor"[31m
                  [33mstroke-linecap[31m=[32m"round"[31m
                  [33mstroke-linejoin[31m=[32m"round"[31m
                  [33mstroke-width[31m=[32m"2"[31m
                  [33mviewBox[31m=[32m"0 0 24 24"[31m
                  [33mwidth[31m=[32m"20"[31m
                  [33mxmlns[31m=[32m"http://www.w3.org/2000/svg"[31m
                [36m>[31m
                  [36m<path[31m
                    [33md[31m=[32m"M10.268 21a2 2 0 0 0 3.464 0"[31m
                  [36m/>[31m
                  [36m<path[31m
                    [33md[31m=[32m"M3.262 15.326A1 1 0 0 0 4 17h16a1 1 0 0 0 .74-1.673C19.41 13.956 18 12.499 18 8A6 6 0 0 0 6 8c0 4.499-1.411 5.956-2.738 7.326"[31m
                  [36m/>[31m
                [36m</svg>[31m
                [36m<span[31m
                  [33mclass[31m=[32m"absolute -bottom-0.5 -right-0.5 h-2.5 w-2.5 rounded-full border-2 border-white dark:border-slate-900 bg-red-500 animate-pulse"[31m
                [36m/>[31m
              [36m</button>[31m
            [36m</div>[31m
          [36m</nav>[31m
          [36m<button[31m
            [33mclass[31m=[32m"md:hidden inline-flex items-center justify-center rounded-2xl border border-slate-200 p-2 text-slate-600 hover:bg-slate-100"[31m
          [36m>[31m
            [36m<svg[31m
              [33maria-hidden[31m=[32m"true"[31m
              [33mclass[31m=[32m"lucide lucide-menu h-6 w-6"[31m
              [33mfill[31m=[32m"none"[31m
              [33mheight[31m=[32m"24"[31m
              [33mstroke[31m=[32m"currentColor"[31m
              [33mstroke-linecap[31m=[32m"round"[31m
              [33mstroke-linejoin[31m=[32m"round"[31m
              [33mstroke-width[31m=[32m"2"[31m
              [33mviewBox[31m=[32m"0 0 24 24"[31m
              [33mwidth[31m=[32m"24"[31m
              [33mxmlns[31m=[32m"http://www.w3.org/2000/svg"[31m
            [36m>[31m
              [36m<path[31m
                [33md[31m=[32m"M4 5h16"[31m
              [36m/>[31m
              [36m<path[31m
                [33md[31m=[32m"M4 12h16"[31m
              [36m/>[31m
              [36m<path[31m
                [33md[31m=[32m"M4 19h16"[31m
              [36m/>[31m
            [36m</svg>[31m
          [36m</button>[31m
        [36m</div...

Ignored nodes: comments, script, style
[36m<body>[31m
  [36m<div>[31m
    [36m<div[31m
      [33mclass[31m=[32m"flex flex-col min-h-screen bg-slate-50 text-slate-900 transition-colors duration-300 ease-in-out dark:bg-slate-950 dark:text-slate-100"[31m
    [36m>[31m
      [36m<header[31m
        [33mclass[31m=[32m"bg-white border-b border-slate-200 sticky top-0 z-40"[31m
      [36m>[31m
        [36m<div[31m
          [33mclass[31m=[32m"container mx-auto px-6 py-4 flex items-center justify-between gap-4"[31m
        [36m>[31m
          [36m<a[31m
            [33mclass[31m=[32m"inline-flex items-center gap-3 text-xl font-semibold text-slate-900"[31m
            [33mhref[31m=[32m"/"[31m
          [36m>[31m
            [36m<span[31m
              [33mclass[31m=[32m"inline-flex h-10 w-10 items-center justify-center rounded-2xl bg-blue-50 text-blue-600"[31m
            [36m>[31m
              [0mC[0m
            [36m</span>[31m
            [0mcomponents_layout_Navigation.text_clinicsaas[0m
          [36m</a>[31m
          [36m<nav[31m
            [33mclass[31m=[32m"hidden md:flex items-center gap-4 text-sm font-medium text-slate-600"[31m
          [36m>[31m
            [36m<a[31m
              [33mclass[31m=[32m"hover:text-slate-900 transition-colors"[31m
              [33mhref[31m=[32m"/secretary/dashboard"[31m
            [36m>[31m
              [0mdashboard[0m
            [36m</a>[31m
            [36m<a[31m
              [33mclass[31m=[32m"hover:text-slate-900 transition-colors"[31m
              [33mhref[31m=[32m"/secretary/appointments"[31m
            [36m>[31m
              [0mappointments[0m
            [36m</a>[31m
            [36m<a[31m
              [33mclass[31m=[32m"hover:text-slate-900 transition-colors"[31m
              [33mhref[31m=[32m"/secretary/patients"[31m
            [36m>[31m
              [0mpatients[0m
            [36m</a>[31m
            [36m<button[31m
              [33maria-label[31m=[32m"components_layout_Navigation.attr_aria_label_toggle_theme"[31m
              [33mclass[31m=[32m"inline-flex h-10 w-10 items-center justify-center rounded-full bg-slate-100 text-slate-700 transition hover:bg-slate-200 dark:bg-slate-800 dark:text-slate-200 dark:hover:bg-slate-700"[31m
            [36m>[31m
              [36m<svg[31m
                [33maria-hidden[31m=[32m"true"[31m
                [33mclass[31m=[32m"lucide lucide-moon h-5 w-5"[31m
                [33mfill[31m=[32m"none"[31m
                [33mheight[31m=[32m"24"[31m
                [33mstroke[31m=[32m"currentColor"[31m
                [33mstroke-linecap[31m=[32m"round"[31m
                [33mstroke-linejoin[31m=[32m"round"[31m
                [33mstroke-width[31m=[32m"2"[31m
                [33mviewBox[31m=[32m"0 0 24 24"[31m
                [33mwidth[31m=[32m"24"[31m
                [33mxmlns[31m=[32m"http://www.w3.org/2000/svg"[31m
              [36m>[31m
                [36m<path[31m
                  [33md[31m=[32m"M20.985 12.486a9 9 0 1 1-9.473-9.472c.405-.022.617.46.402.803a6 6 0 0 0 8.268 8.268c.344-.215.825-.004.803.401"[31m
                [36m/>[31m
              [36m</svg>[31m
            [36m</button>[31m
            [36m<button[31m
              [33maria-label[31m=[32m"components_layout_Navigation.attr_aria_label_toggle_language"[31m
              [33mclass[31m=[32m"inline-flex items-center gap-2 px-3 py-2 rounded-lg bg-slate-100 text-slate-700 hover:bg-slate-200 dark:bg-slate-800 dark:text-slate-200"[31m
              [33mtitle[31m=[32m"العربية"[31m
            [36m>[31m
              [0mالعربية[0m
            [36m</button>[31m
            [36m<div[31m
              [33mclass[31m=[32m"relative"[31m
            [36m>[31m
              [36m<button[31m
                [33maria-label[31m=[32m"components_NotificationBell.attr_aria_label_notifications"[31m
                [33mclass[31m=[32m"relative flex h-10 w-10 items-center justify-center rounded-full bg-slate-100 text-slate-700 transition-colors hover:bg-slate-200 dark:bg-slate-800 dark:text-slate-200 dark:hover:bg-slate-700"[31m
                [33mtabindex[31m=[32m"0"[31m
              [36m>[31m
                [36m<svg[31m
                  [33maria-hidden[31m=[32m"true"[31m
                  [33mclass[31m=[32m"lucide lucide-bell opacity-50"[31m
                  [33mfill[31m=[32m"none"[31m
                  [33mheight[31m=[32m"20"[31m
                  [33mstroke[31m=[32m"currentColor"[31m
                  [33mstroke-linecap[31m=[32m"round"[31m
                  [33mstroke-linejoin[31m=[32m"round"[31m
                  [33mstroke-width[31m=[32m"2"[31m
                  [33mviewBox[31m=[32m"0 0 24 24"[31m
                  [33mwidth[31m=[32m"20"[31m
                  [33mxmlns[31m=[32m"http://www.w3.org/2000/svg"[31m
                [36m>[31m
                  [36m<path[31m
                    [33md[31m=[32m"M10.268 21a2 2 0 0 0 3.464 0"[31m
                  [36m/>[31m
                  [36m<path[31m
                    [33md[31m=[32m"M3.262 15.326A1 1 0 0 0 4 17h16a1 1 0 0 0 .74-1.673C19.41 13.956 18 12.499 18 8A6 6 0 0 0 6 8c0 4.499-1.411 5.956-2.738 7.326"[31m
                  [36m/>[31m
                [36m</svg>[31m
                [36m<span[31m
                  [33mclass[31m=[32m"absolute -bottom-0.5 -right-0.5 h-2.5 w-2.5 rounded-full border-2 border-white dark:border-slate-900 bg-red-500 animate-pulse"[31m
                [36m/>[31m
              [36m</button>[31m
            [36m</div>[31m
          [36m</nav>[31m
          [36m<button[31m
            [33mclass[31m=[32m"md:hidden inline-flex items-center justify-center rounded-2xl border border-slate-200 p-2 text-slate-600 hover:bg-slate-100"[31m
          [36m>[31m
            [36m<svg[31m
              [33maria-hidden[31m=[32m"true"[31m
              [33mclass[31m=[32m"lucide lucide-menu h-6 w-6"[31m
              [33mfill[31m=[32m"none"[31m
              [33mheight[31m=[32m"24"[31m
              [33mstroke[31m=[32m"currentColor"[31m
              [33mstroke-linecap[31m=[32m"round"[31m
              [33mstroke-linejoin[31m=[32m"round"[31m
              [33mstroke-width[31m=[32m"2"[31m
              [33mviewBox[31m=[32m"0 0 24 24"[31m
              [33mwidth[31m=[32m"24"[31m
              [33mxmlns[31m=[32m"http://www.w3.org/2000/svg"[31m
            [36m>[31m
              [36m<path[31m
                [33md[31m=[32m"M4 5h16"[31m
              [36m/>[31m
              [36m<path[31m
                [33md[31m=[32m"M4 12h16"[31m
              [36m/>[31m
              [36m<path[31m
                [33md[31m=[32m"M4 19h16"[31m
              [36m/>[31m
            [36m</svg>[31m
          [36m</button>[31m
        [36m</div...[39m
[90mstdout[2m | tests/FinancialManager.test.jsx[2m > [22m[2mFinancialManager[2m > [22m[2mTreatment Plans List[2m > [22m[2mshould display plans when data is loaded
[22m[39mRole Debug: {
  isAdmin: [33mfalse[39m,
  role: [32m'doctor'[39m,
  isAuthenticated: [33mtrue[39m,
  loading: [33mtrue[39m
}
[Socket] Connecting to: http://localhost:5000

[90mstdout[2m | tests/FinancialManager.test.jsx[2m > [22m[2mFinancialManager[2m > [22m[2mTreatment Plans List[2m > [22m[2mshould display plans when data is loaded
[22m[39mRole Debug: {
  isAdmin: [33mfalse[39m,
  role: [32m'doctor'[39m,
  isAuthenticated: [33mtrue[39m,
  loading: [33mtrue[39m
}

[90mstdout[2m | tests/FinancialManager.test.jsx[2m > [22m[2mFinancialManager[2m > [22m[2mTreatment Plans List[2m > [22m[2mshould display empty state when no plans exist
[22m[39mRole Debug: {
  isAdmin: [33mfalse[39m,
  role: [32m'doctor'[39m,
  isAuthenticated: [33mtrue[39m,
  loading: [33mtrue[39m
}
[Socket] Connecting to: http://localhost:5000

[90mstdout[2m | tests/FinancialManager.test.jsx[2m > [22m[2mFinancialManager[2m > [22m[2mTreatment Plans List[2m > [22m[2mshould display empty state when no plans exist
[22m[39mRole Debug: {
  isAdmin: [33mfalse[39m,
  role: [32m'doctor'[39m,
  isAuthenticated: [33mtrue[39m,
  loading: [33mtrue[39m
}

 [31m×[39m tests/FinancialManager.test.jsx[2m > [22mFinancialManager[2m > [22mFinancial Summary Display[2m > [22mshould calculate correct total cost, paid, and remaining amounts[33m 1065[2mms[22m[39m
[31m   → Unable to find an element with the text: /Total Cost/. This could be because the text is broken up by multiple elements. In this case, you can provide a function for your text matcher to make your matcher more flexible.

Ignored nodes: comments, script, style
[36m<body>[31m
  [36m<div>[31m
    [36m<div[31m
      [33mclass[31m=[32m"mt-8 space-y-6"[31m
    [36m>[31m
      [36m<div[31m
        [33mclass[31m=[32m"grid grid-cols-1 md:grid-cols-3 gap-4"[31m
      [36m>[31m
        [36m<div[31m
          [33mclass[31m=[32m"
    backdrop-blur-md bg-white/70 dark:bg-gray-900/70
    border border-white/20 dark:border-gray-700/30
    rounded-[28px] p-6 shadow-lg
    transition-all duration-300
   hover:scale-[1.02] hover:shadow-2xl hover:border-white/40 bg-gradient-to-br from-blue-50/80 to-cyan-50/80 dark:from-blue-900/20 dark:to-cyan-900/20  p-6"[31m
          [33mtabindex[31m=[32m"0"[31m
        [36m>[31m
          [36m<div[31m
            [33mclass[31m=[32m"flex items-center gap-4"[31m
          [36m>[31m
            [36m<div[31m
              [33mclass[31m=[32m"p-3 rounded-xl bg-gradient-to-br from-blue-500 to-cyan-400"[31m
            [36m>[31m
              [36m<svg[31m
                [33maria-hidden[31m=[32m"true"[31m
                [33mclass[31m=[32m"lucide lucide-dollar-sign w-6 h-6 text-white"[31m
                [33mfill[31m=[32m"none"[31m
                [33mheight[31m=[32m"24"[31m
                [33mstroke[31m=[32m"currentColor"[31m
                [33mstroke-linecap[31m=[32m"round"[31m
                [33mstroke-linejoin[31m=[32m"round"[31m
                [33mstroke-width[31m=[32m"2"[31m
                [33mviewBox[31m=[32m"0 0 24 24"[31m
                [33mwidth[31m=[32m"24"[31m
                [33mxmlns[31m=[32m"http://www.w3.org/2000/svg"[31m
              [36m>[31m
                [36m<line[31m
                  [33mx1[31m=[32m"12"[31m
                  [33mx2[31m=[32m"12"[31m
                  [33my1[31m=[32m"2"[31m
                  [33my2[31m=[32m"22"[31m
                [36m/>[31m
                [36m<path[31m
                  [33md[31m=[32m"M17 5H9.5a3.5 3.5 0 0 0 0 7h5a3.5 3.5 0 0 1 0 7H6"[31m
                [36m/>[31m
              [36m</svg>[31m
            [36m</div>[31m
            [36m<div>[31m
              [36m<p[31m
                [33mclass[31m=[32m"text-sm text-gray-500 dark:text-gray-400"[31m
              [36m>[31m
                [0mcomponents_FinancialManager.text_total_cost[0m
              [36m</p>[31m
              [36m<p[31m
                [33mclass[31m=[32m"text-2xl font-bold text-gray-900 dark:text-white"[31m
              [36m>[31m
                [0m$800[0m
              [36m</p>[31m
            [36m</div>[31m
          [36m</div>[31m
        [36m</div>[31m
        [36m<div[31m
          [33mclass[31m=[32m"
    backdrop-blur-md bg-white/70 dark:bg-gray-900/70
    border border-white/20 dark:border-gray-700/30
    rounded-[28px] p-6 shadow-lg
    transition-all duration-300
   hover:scale-[1.02] hover:shadow-2xl hover:border-white/40 bg-gradient-to-br from-blue-50/80 to-cyan-50/80 dark:from-blue-900/20 dark:to-cyan-900/20  p-6"[31m
          [33mtabindex[31m=[32m"0"[31m
        [36m>[31m
          [36m<div[31m
            [33mclass[31m=[32m"flex items-center gap-4"[31m
          [36m>[31m
            [36m<div[31m
              [33mclass[31m=[32m"p-3 rounded-xl bg-gradient-to-br from-emerald-500 to-green-400"[31m
            [36m>[31m
              [36m<svg[31m
                [33maria-hidden[31m=[32m"true"[31m
                [33mclass[31m=[32m"lucide lucide-trending-up w-6 h-6 text-white"[31m
                [33mfill[31m=[32m"none"[31m
                [33mheight[31m=[32m"24"[31m
                [33mstroke[31m=[32m"currentColor"[31m
                [33mstroke-linecap[31m=[32m"round"[31m
                [33mstroke-linejoin[31m=[32m"round"[31m
                [33mstroke-width[31m=[32m"2"[31m
                [33mviewBox[31m=[32m"0 0 24 24"[31m
                [33mwidth[31m=[32m"24"[31m
                [33mxmlns[31m=[32m"http://www.w3.org/2000/svg"[31m
              [36m>[31m
                [36m<path[31m
                  [33md[31m=[32m"M16 7h6v6"[31m
                [36m/>[31m
                [36m<path[31m
                  [33md[31m=[32m"m22 7-8.5 8.5-5-5L2 17"[31m
                [36m/>[31m
              [36m</svg>[31m
            [36m</div>[31m
            [36m<div>[31m
              [36m<p[31m
                [33mclass[31m=[32m"text-sm text-gray-500 dark:text-gray-400"[31m
              [36m>[31m
                [0mcomponents_FinancialManager.text_total_paid[0m
              [36m</p>[31m
              [36m<p[31m
                [33mclass[31m=[32m"text-2xl font-bold text-gray-900 dark:text-white"[31m
              [36m>[31m
                [0m$250[0m
              [36m</p>[31m
            [36m</div>[31m
          [36m</div>[31m
        [36m</div>[31m
        [36m<div[31m
          [33mclass[31m=[32m"
    backdrop-blur-md bg-white/70 dark:bg-gray-900/70
    border border-white/20 dark:border-gray-700/30
    rounded-[28px] p-6 shadow-lg
    transition-all duration-300
   hover:scale-[1.02] hover:shadow-2xl hover:border-white/40 bg-gradient-to-br from-blue-50/80 to-cyan-50/80 dark:from-blue-900/20 dark:to-cyan-900/20  p-6"[31m
          [33mtabindex[31m=[32m"0"[31m
        [36m>[31m
          [36m<div[31m
            [33mclass[31m=[32m"flex items-center gap-4"[31m
          [36m>[31m
            [36m<div[31m
              [33mclass[31m=[32m"p-3 rounded-xl bg-gradient-to-br from-amber-500 to-orange-400"[31m
            [36m>[31m
              [36m<svg[31m
                [33maria-hidden[31m=[32m"true"[31m
                [33mclass[31m=[32m"lucide lucide-credit-card w-6 h-6 text-white"[31m
                [33mfill[31m=[32m"none"[31m
                [33mheight[31m=[32m"24"[31m
                [33mstroke[31m=[32m"currentColor"[31m
                [33mstroke-linecap[31m=[32m"round"[31m
                [33mstroke-linejoin[31m=[32m"round"[31m
                [33mstroke-width[31m=[32m"2"[31m
                [33mviewBox[31m=[32m"0 0 24 24"[31m
                [33mwidth[31m=[32m"24"[31m
                [33mxmlns[31m=[32m"http://www.w3.org/2000/svg"[31m
              [36m>[31m
                [36m<rect[31m
                  [33mheight[31m=[32m"14"[31m
                  [33mrx[31m=[32m"2"[31m
                  [33mwidth[31m=[32m"20"[31m
                  [33mx[31m=[32m"2"[31m
                  [33my[31m=[32m"5"[31m
                [36m/>[31m
                [36m<line[31m
                  [33mx1[31m=[32m"2"[31m
                  [33mx2[31m=[32m"22"[31m
                  [33my1[31m=[32m"10"[31m
                  [33my2[31m=[32m"10"[31m
                [36m/>[31m
              [36m</svg>[31m
            [36m</div>[31m
            [36m<div>[31m
              [36m<p[31m
                [33m...

Ignored nodes: comments, script, style
[36m<html[31m
  [33mdir[31m=[32m"ltr"[31m
  [33mlang[31m=[32m"undefined"[31m
[36m>[31m
  [36m<head />[31m
  [36m<body>[31m
    [36m<div>[31m
      [36m<div[31m
        [33mclass[31m=[32m"mt-8 space-y-6"[31m
      [36m>[31m
        [36m<div[31m
          [33mclass[31m=[32m"grid grid-cols-1 md:grid-cols-3 gap-4"[31m
        [36m>[31m
          [36m<div[31m
            [33mclass[31m=[32m"
    backdrop-blur-md bg-white/70 dark:bg-gray-900/70
    border border-white/20 dark:border-gray-700/30
    rounded-[28px] p-6 shadow-lg
    transition-all duration-300
   hover:scale-[1.02] hover:shadow-2xl hover:border-white/40 bg-gradient-to-br from-blue-50/80 to-cyan-50/80 dark:from-blue-900/20 dark:to-cyan-900/20  p-6"[31m
            [33mtabindex[31m=[32m"0"[31m
          [36m>[31m
            [36m<div[31m
              [33mclass[31m=[32m"flex items-center gap-4"[31m
            [36m>[31m
              [36m<div[31m
                [33mclass[31m=[32m"p-3 rounded-xl bg-gradient-to-br from-blue-500 to-cyan-400"[31m
              [36m>[31m
                [36m<svg[31m
                  [33maria-hidden[31m=[32m"true"[31m
                  [33mclass[31m=[32m"lucide lucide-dollar-sign w-6 h-6 text-white"[31m
                  [33mfill[31m=[32m"none"[31m
                  [33mheight[31m=[32m"24"[31m
                  [33mstroke[31m=[32m"currentColor"[31m
                  [33mstroke-linecap[31m=[32m"round"[31m
                  [33mstroke-linejoin[31m=[32m"round"[31m
                  [33mstroke-width[31m=[32m"2"[31m
                  [33mviewBox[31m=[32m"0 0 24 24"[31m
                  [33mwidth[31m=[32m"24"[31m
                  [33mxmlns[31m=[32m"http://www.w3.org/2000/svg"[31m
                [36m>[31m
                  [36m<line[31m
                    [33mx1[31m=[32m"12"[31m
                    [33mx2[31m=[32m"12"[31m
                    [33my1[31m=[32m"2"[31m
                    [33my2[31m=[32m"22"[31m
                  [36m/>[31m
                  [36m<path[31m
                    [33md[31m=[32m"M17 5H9.5a3.5 3.5 0 0 0 0 7h5a3.5 3.5 0 0 1 0 7H6"[31m
                  [36m/>[31m
                [36m</svg>[31m
              [36m</div>[31m
              [36m<div>[31m
                [36m<p[31m
                  [33mclass[31m=[32m"text-sm text-gray-500 dark:text-gray-400"[31m
                [36m>[31m
                  [0mcomponents_FinancialManager.text_total_cost[0m
                [36m</p>[31m
                [36m<p[31m
                  [33mclass[31m=[32m"text-2xl font-bold text-gray-900 dark:text-white"[31m
                [36m>[31m
                  [0m$800[0m
                [36m</p>[31m
              [36m</div>[31m
            [36m</div>[31m
          [36m</div>[31m
          [36m<div[31m
            [33mclass[31m=[32m"
    backdrop-blur-md bg-white/70 dark:bg-gray-900/70
    border border-white/20 dark:border-gray-700/30
    rounded-[28px] p-6 shadow-lg
    transition-all duration-300
   hover:scale-[1.02] hover:shadow-2xl hover:border-white/40 bg-gradient-to-br from-blue-50/80 to-cyan-50/80 dark:from-blue-900/20 dark:to-cyan-900/20  p-6"[31m
            [33mtabindex[31m=[32m"0"[31m
          [36m>[31m
            [36m<div[31m
              [33mclass[31m=[32m"flex items-center gap-4"[31m
            [36m>[31m
              [36m<div[31m
                [33mclass[31m=[32m"p-3 rounded-xl bg-gradient-to-br from-emerald-500 to-green-400"[31m
              [36m>[31m
                [36m<svg[31m
                  [33maria-hidden[31m=[32m"true"[31m
                  [33mclass[31m=[32m"lucide lucide-trending-up w-6 h-6 text-white"[31m
                  [33mfill[31m=[32m"none"[31m
                  [33mheight[31m=[32m"24"[31m
                  [33mstroke[31m=[32m"currentColor"[31m
                  [33mstroke-linecap[31m=[32m"round"[31m
                  [33mstroke-linejoin[31m=[32m"round"[31m
                  [33mstroke-width[31m=[32m"2"[31m
                  [33mviewBox[31m=[32m"0 0 24 24"[31m
                  [33mwidth[31m=[32m"24"[31m
                  [33mxmlns[31m=[32m"http://www.w3.org/2000/svg"[31m
                [36m>[31m
                  [36m<path[31m
                    [33md[31m=[32m"M16 7h6v6"[31m
                  [36m/>[31m
                  [36m<path[31m
                    [33md[31m=[32m"m22 7-8.5 8.5-5-5L2 17"[31m
                  [36m/>[31m
                [36m</svg>[31m
              [36m</div>[31m
              [36m<div>[31m
                [36m<p[31m
                  [33mclass[31m=[32m"text-sm text-gray-500 dark:text-gray-400"[31m
                [36m>[31m
                  [0mcomponents_FinancialManager.text_total_paid[0m
                [36m</p>[31m
                [36m<p[31m
                  [33mclass[31m=[32m"text-2xl font-bold text-gray-900 dark:text-white"[31m
                [36m>[31m
                  [0m$250[0m
                [36m</p>[31m
              [36m</div>[31m
            [36m</div>[31m
          [36m</div>[31m
          [36m<div[31m
            [33mclass[31m=[32m"
    backdrop-blur-md bg-white/70 dark:bg-gray-900/70
    border border-white/20 dark:border-gray-700/30
    rounded-[28px] p-6 shadow-lg
    transition-all duration-300
   hover:scale-[1.02] hover:shadow-2xl hover:border-white/40 bg-gradient-to-br from-blue-50/80 to-cyan-50/80 dark:from-blue-900/20 dark:to-cyan-900/20  p-6"[31m
            [33mtabindex[31m=[32m"0"[31m
          [36m>[31m
            [36m<div[31m
              [33mclass[31m=[32m"flex items-center gap-4"[31m
            [36m>[31m
              [36m<div[31m
                [33mclass[31m=[32m"p-3 rounded-xl bg-gradient-to-br from-amber-500 to-orange-400"[31m
              [36m>[31m
                [36m<svg[31m
                  [33maria-hidden[31m=[32m"true"[31m
                  [33mclass[31m=[32m"lucide lucide-credit-card w-6 h-6 text-white"[31m
                  [33mfill[31m=[32m"none"[31m
                  [33mheight[31m=[32m"24"[31m
                  [33mstroke[31m=[32m"currentColor"[31m
                  [33mstroke-linecap[31m=[32m"round"[31m
                  [33mstroke-linejoin[31m=[32m"round"[31m
                  [33mstroke-width[31m=[32m"2"[31m
                  [33mviewBox[31m=[32m"0 0 24 24"[31m
                  [33mwidth[31m=[32m"24"[31m
                  [33mxmlns[31m=[32m"http://www.w3.org/2000/svg"[31m
                [36m>[31m
                  [36m<rect[31m
                    [33mheight[31m=[32m"14"[31m
                    [33mrx[31m=[32m"2"[31m
                    [33mwidth[31m=[32m"20"[31m
                    [33mx[31m=[32m"2"[31m
                    [33my[31m=[32m"5"[31m
                  [36m/>[39...[39m
 [32m✓[39m tests/FinancialManager.test.jsx[2m > [22mFinancialManager[2m > [22mTreatment Plans List[2m > [22mshould display plans when data is loaded[32m 56[2mms[22m[39m
[90mstdout[2m | tests/FinancialManager.test.jsx[2m > [22m[2mFinancialManager[2m > [22m[2mCreate Plan Modal[2m > [22m[2mshould open modal when doctor clicks 'خطة جديدة' button
[22m[39mRole Debug: {
  isAdmin: [33mfalse[39m,
  role: [32m'doctor'[39m,
  isAuthenticated: [33mtrue[39m,
  loading: [33mtrue[39m
}
[Socket] Connecting to: http://localhost:5000

[90mstdout[2m | tests/FinancialManager.test.jsx[2m > [22m[2mFinancialManager[2m > [22m[2mCreate Plan Modal[2m > [22m[2mshould open modal when doctor clicks 'خطة جديدة' button
[22m[39mRole Debug: {
  isAdmin: [33mfalse[39m,
  role: [32m'doctor'[39m,
  isAuthenticated: [33mtrue[39m,
  loading: [33mtrue[39m
}

 [32m✓[39m tests/FinancialManager.test.jsx[2m > [22mFinancialManager[2m > [22mTreatment Plans List[2m > [22mshould display empty state when no plans exist[32m 30[2mms[22m[39m
[90mstdout[2m | tests/FinancialManager.test.jsx[2m > [22m[2mFinancialManager[2m > [22m[2mCreate Plan Modal[2m > [22m[2mshould open modal when doctor clicks 'خطة جديدة' button
[22m[39mRole Debug: {
  isAdmin: [33mfalse[39m,
  role: [32m'doctor'[39m,
  isAuthenticated: [33mtrue[39m,
  loading: [33mtrue[39m
}

[90mstdout[2m | tests/FinancialManager.test.jsx[2m > [22m[2mFinancialManager[2m > [22m[2mLoading State[2m > [22m[2mshould display loading spinner while fetching data
[22m[39mRole Debug: {
  isAdmin: [33mfalse[39m,
  role: [32m'doctor'[39m,
  isAuthenticated: [33mtrue[39m,
  loading: [33mtrue[39m
}
[Socket] Connecting to: http://localhost:5000

[90mstdout[2m | tests/FinancialManager.test.jsx[2m > [22m[2mFinancialManager[2m > [22m[2mLoading State[2m > [22m[2mshould handle API errors gracefully
[22m[39mRole Debug: {
  isAdmin: [33mfalse[39m,
  role: [32m'doctor'[39m,
  isAuthenticated: [33mtrue[39m,
  loading: [33mtrue[39m
}
[Socket] Connecting to: http://localhost:5000

[90mstderr[2m | tests/FinancialManager.test.jsx[2m > [22m[2mFinancialManager[2m > [22m[2mLoading State[2m > [22m[2mshould handle API errors gracefully
[22m[39mError fetching patient financials Error: API Error
    at D:/My-Githup/doctor-frontend/tests/FinancialManager.test.jsx:172:35
    at [90mfile:///D:/My-Githup/doctor-frontend/[39mnode_modules/[4m@vitest/runner[24m/dist/chunk-artifact.js:302:11
    at [90mfile:///D:/My-Githup/doctor-frontend/[39mnode_modules/[4m@vitest/runner[24m/dist/chunk-artifact.js:1903:26
    at [90mfile:///D:/My-Githup/doctor-frontend/[39mnode_modules/[4m@vitest/runner[24m/dist/chunk-artifact.js:2326:20
    at new Promise (<anonymous>)
    at runWithCancel [90m(file:///D:/My-Githup/doctor-frontend/[39mnode_modules/[4m@vitest/runner[24m/dist/chunk-artifact.js:2323:10[90m)[39m
    at [90mfile:///D:/My-Githup/doctor-frontend/[39mnode_modules/[4m@vitest/runner[24m/dist/chunk-artifact.js:2305:20
    at new Promise (<anonymous>)
    at runWithTimeout [90m(file:///D:/My-Githup/doctor-frontend/[39mnode_modules/[4m@vitest/runner[24m/dist/chunk-artifact.js:2272:10[90m)[39m
    at [90mfile:///D:/My-Githup/doctor-frontend/[39mnode_modules/[4m@vitest/runner[24m/dist/chunk-artifact.js:2955:64

[90mstdout[2m | tests/FinancialManager.test.jsx[2m > [22m[2mFinancialManager[2m > [22m[2mLoading State[2m > [22m[2mshould handle API errors gracefully
[22m[39mRole Debug: {
  isAdmin: [33mfalse[39m,
  role: [32m'doctor'[39m,
  isAuthenticated: [33mtrue[39m,
  loading: [33mtrue[39m
}

[90mstdout[2m | tests/FinancialManager.test.jsx[2m > [22m[2mFinancialManager[2m > [22m[2mLoading State[2m > [22m[2mshould handle API errors gracefully
[22m[39mRole Debug: {
  isAdmin: [33mfalse[39m,
  role: [32m'doctor'[39m,
  isAuthenticated: [33mtrue[39m,
  loading: [33mtrue[39m
}

 [32m✓[39m tests/FinancialManager.test.jsx[2m > [22mFinancialManager[2m > [22mCreate Plan Modal[2m > [22mshould open modal when doctor clicks 'خطة جديدة' button[32m 225[2mms[22m[39m
 [32m✓[39m tests/FinancialManager.test.jsx[2m > [22mFinancialManager[2m > [22mLoading State[2m > [22mshould display loading spinner while fetching data[32m 22[2mms[22m[39m
 [32m✓[39m tests/FinancialManager.test.jsx[2m > [22mFinancialManager[2m > [22mLoading State[2m > [22mshould handle API errors gracefully[32m 47[2mms[22m[39m

[31m⎯⎯⎯⎯⎯⎯⎯[39m[1m[41m Failed Tests 5 [49m[22m[31m⎯⎯⎯⎯⎯⎯⎯[39m

[41m[1m FAIL [22m[49m tests/FinancialManager.test.jsx[2m > [22mFinancialManager[2m > [22mFinancial Summary Display[2m > [22mshould display financial summary cards with correct data
[31m[1mTestingLibraryElementError[22m[39m: Unable to find an element with the text: Total Cost. This could be because the text is broken up by multiple elements. In this case, you can provide a function for your text matcher to make your matcher more flexible.

Ignored nodes: comments, script, style
[36m<body>[39m
  [36m<div>[39m
    [36m<div[39m
      [33mclass[39m=[32m"mt-8 space-y-6"[39m
    [36m>[39m
      [36m<div[39m
        [33mclass[39m=[32m"grid grid-cols-1 md:grid-cols-3 gap-4"[39m
      [36m>[39m
        [36m<div[39m
          [33mclass[39m=[32m"
    backdrop-blur-md bg-white/70 dark:bg-gray-900/70
    border border-white/20 dark:border-gray-700/30
    rounded-[28px] p-6 shadow-lg
    transition-all duration-300
   hover:scale-[1.02] hover:shadow-2xl hover:border-white/40 bg-gradient-to-br from-blue-50/80 to-cyan-50/80 dark:from-blue-900/20 dark:to-cyan-900/20  p-6"[39m
          [33mtabindex[39m=[32m"0"[39m
        [36m>[39m
          [36m<div[39m
            [33mclass[39m=[32m"flex items-center gap-4"[39m
          [36m>[39m
            [36m<div[39m
              [33mclass[39m=[32m"p-3 rounded-xl bg-gradient-to-br from-blue-500 to-cyan-400"[39m
            [36m>[39m
              [36m<svg[39m
                [33maria-hidden[39m=[32m"true"[39m
                [33mclass[39m=[32m"lucide lucide-dollar-sign w-6 h-6 text-white"[39m
                [33mfill[39m=[32m"none"[39m
                [33mheight[39m=[32m"24"[39m
                [33mstroke[39m=[32m"currentColor"[39m
                [33mstroke-linecap[39m=[32m"round"[39m
                [33mstroke-linejoin[39m=[32m"round"[39m
                [33mstroke-width[39m=[32m"2"[39m
                [33mviewBox[39m=[32m"0 0 24 24"[39m
                [33mwidth[39m=[32m"24"[39m
                [33mxmlns[39m=[32m"http://www.w3.org/2000/svg"[39m
              [36m>[39m
                [36m<line[39m
                  [33mx1[39m=[32m"12"[39m
                  [33mx2[39m=[32m"12"[39m
                  [33my1[39m=[32m"2"[39m
                  [33my2[39m=[32m"22"[39m
                [36m/>[39m
                [36m<path[39m
                  [33md[39m=[32m"M17 5H9.5a3.5 3.5 0 0 0 0 7h5a3.5 3.5 0 0 1 0 7H6"[39m
                [36m/>[39m
              [36m</svg>[39m
            [36m</div>[39m
            [36m<div>[39m
              [36m<p[39m
                [33mclass[39m=[32m"text-sm text-gray-500 dark:text-gray-400"[39m
              [36m>[39m
                [0mcomponents_FinancialManager.text_total_cost[0m
              [36m</p>[39m
              [36m<p[39m
                [33mclass[39m=[32m"text-2xl font-bold text-gray-900 dark:text-white"[39m
              [36m>[39m
                [0m$800[0m
              [36m</p>[39m
            [36m</div>[39m
          [36m</div>[39m
        [36m</div>[39m
        [36m<div[39m
          [33mclass[39m=[32m"
    backdrop-blur-md bg-white/70 dark:bg-gray-900/70
    border border-white/20 dark:border-gray-700/30
    rounded-[28px] p-6 shadow-lg
    transition-all duration-300
   hover:scale-[1.02] hover:shadow-2xl hover:border-white/40 bg-gradient-to-br from-blue-50/80 to-cyan-50/80 dark:from-blue-900/20 dark:to-cyan-900/20  p-6"[39m
          [33mtabindex[39m=[32m"0"[39m
        [36m>[39m
          [36m<div[39m
            [33mclass[39m=[32m"flex items-center gap-4"[39m
          [36m>[39m
            [36m<div[39m
              [33mclass[39m=[32m"p-3 rounded-xl bg-gradient-to-br from-emerald-500 to-green-400"[39m
            [36m>[39m
              [36m<svg[39m
                [33maria-hidden[39m=[32m"true"[39m
                [33mclass[39m=[32m"lucide lucide-trending-up w-6 h-6 text-white"[39m
                [33mfill[39m=[32m"none"[39m
                [33mheight[39m=[32m"24"[39m
                [33mstroke[39m=[32m"currentColor"[39m
                [33mstroke-linecap[39m=[32m"round"[39m
                [33mstroke-linejoin[39m=[32m"round"[39m
                [33mstroke-width[39m=[32m"2"[39m
                [33mviewBox[39m=[32m"0 0 24 24"[39m
                [33mwidth[39m=[32m"24"[39m
                [33mxmlns[39m=[32m"http://www.w3.org/2000/svg"[39m
              [36m>[39m
                [36m<path[39m
                  [33md[39m=[32m"M16 7h6v6"[39m
                [36m/>[39m
                [36m<path[39m
                  [33md[39m=[32m"m22 7-8.5 8.5-5-5L2 17"[39m
                [36m/>[39m
              [36m</svg>[39m
            [36m</div>[39m
            [36m<div>[39m
              [36m<p[39m
                [33mclass[39m=[32m"text-sm text-gray-500 dark:text-gray-400"[39m
              [36m>[39m
                [0mcomponents_FinancialManager.text_total_paid[0m
              [36m</p>[39m
              [36m<p[39m
                [33mclass[39m=[32m"text-2xl font-bold text-gray-900 dark:text-white"[39m
              [36m>[39m
                [0m$250[0m
              [36m</p>[39m
            [36m</div>[39m
          [36m</div>[39m
        [36m</div>[39m
        [36m<div[39m
          [33mclass[39m=[32m"
    backdrop-blur-md bg-white/70 dark:bg-gray-900/70
    border border-white/20 dark:border-gray-700/30
    rounded-[28px] p-6 shadow-lg
    transition-all duration-300
   hover:scale-[1.02] hover:shadow-2xl hover:border-white/40 bg-gradient-to-br from-blue-50/80 to-cyan-50/80 dark:from-blue-900/20 dark:to-cyan-900/20  p-6"[39m
          [33mtabindex[39m=[32m"0"[39m
        [36m>[39m
          [36m<div[39m
            [33mclass[39m=[32m"flex items-center gap-4"[39m
          [36m>[39m
            [36m<div[39m
              [33mclass[39m=[32m"p-3 rounded-xl bg-gradient-to-br from-amber-500 to-orange-400"[39m
            [36m>[39m
              [36m<svg[39m
                [33maria-hidden[39m=[32m"true"[39m
                [33mclass[39m=[32m"lucide lucide-credit-card w-6 h-6 text-white"[39m
                [33mfill[39m=[32m"none"[39m
                [33mheight[39m=[32m"24"[39m
                [33mstroke[39m=[32m"currentColor"[39m
                [33mstroke-linecap[39m=[32m"round"[39m
                [33mstroke-linejoin[39m=[32m"round"[39m
                [33mstroke-width[39m=[32m"2"[39m
                [33mviewBox[39m=[32m"0 0 24 24"[39m
                [33mwidth[39m=[32m"24"[39m
                [33mxmlns[39m=[32m"http://www.w3.org/2000/svg"[39m
              [36m>[39m
                [36m<rect[39m
                  [33mheight[39m=[32m"14"[39m
                  [33mrx[39m=[32m"2"[39m
                  [33mwidth[39m=[32m"20"[39m
                  [33mx[39m=[32m"2"[39m
                  [33my[39m=[32m"5"[39m
                [36m/>[39m
                [36m<line[39m
                  [33mx1[39m=[32m"2"[39m
                  [33mx2[39m=[32m"22"[39m
                  [33my1[39m=[32m"10"[39m
                  [33my2[39m=[32m"10"[39m
                [36m/>[39m
              [36m</svg>[39m
            [36m</div>[39m
            [36m<div>[39m
              [36m<p[39m
                [33m...

Ignored nodes: comments, script, style
[36m<html[39m
  [33mdir[39m=[32m"ltr"[39m
  [33mlang[39m=[32m"undefined"[39m
[36m>[39m
  [36m<head />[39m
  [36m<body>[39m
    [36m<div>[39m
      [36m<div[39m
        [33mclass[39m=[32m"mt-8 space-y-6"[39m
      [36m>[39m
        [36m<div[39m
          [33mclass[39m=[32m"grid grid-cols-1 md:grid-cols-3 gap-4"[39m
        [36m>[39m
          [36m<div[39m
            [33mclass[39m=[32m"
    backdrop-blur-md bg-white/70 dark:bg-gray-900/70
    border border-white/20 dark:border-gray-700/30
    rounded-[28px] p-6 shadow-lg
    transition-all duration-300
   hover:scale-[1.02] hover:shadow-2xl hover:border-white/40 bg-gradient-to-br from-blue-50/80 to-cyan-50/80 dark:from-blue-900/20 dark:to-cyan-900/20  p-6"[39m
            [33mtabindex[39m=[32m"0"[39m
          [36m>[39m
            [36m<div[39m
              [33mclass[39m=[32m"flex items-center gap-4"[39m
            [36m>[39m
              [36m<div[39m
                [33mclass[39m=[32m"p-3 rounded-xl bg-gradient-to-br from-blue-500 to-cyan-400"[39m
              [36m>[39m
                [36m<svg[39m
                  [33maria-hidden[39m=[32m"true"[39m
                  [33mclass[39m=[32m"lucide lucide-dollar-sign w-6 h-6 text-white"[39m
                  [33mfill[39m=[32m"none"[39m
                  [33mheight[39m=[32m"24"[39m
                  [33mstroke[39m=[32m"currentColor"[39m
                  [33mstroke-linecap[39m=[32m"round"[39m
                  [33mstroke-linejoin[39m=[32m"round"[39m
                  [33mstroke-width[39m=[32m"2"[39m
                  [33mviewBox[39m=[32m"0 0 24 24"[39m
                  [33mwidth[39m=[32m"24"[39m
                  [33mxmlns[39m=[32m"http://www.w3.org/2000/svg"[39m
                [36m>[39m
                  [36m<line[39m
                    [33mx1[39m=[32m"12"[39m
                    [33mx2[39m=[32m"12"[39m
                    [33my1[39m=[32m"2"[39m
                    [33my2[39m=[32m"22"[39m
                  [36m/>[39m
                  [36m<path[39m
                    [33md[39m=[32m"M17 5H9.5a3.5 3.5 0 0 0 0 7h5a3.5 3.5 0 0 1 0 7H6"[39m
                  [36m/>[39m
                [36m</svg>[39m
              [36m</div>[39m
              [36m<div>[39m
                [36m<p[39m
                  [33mclass[39m=[32m"text-sm text-gray-500 dark:text-gray-400"[39m
                [36m>[39m
                  [0mcomponents_FinancialManager.text_total_cost[0m
                [36m</p>[39m
                [36m<p[39m
                  [33mclass[39m=[32m"text-2xl font-bold text-gray-900 dark:text-white"[39m
                [36m>[39m
                  [0m$800[0m
                [36m</p>[39m
              [36m</div>[39m
            [36m</div>[39m
          [36m</div>[39m
          [36m<div[39m
            [33mclass[39m=[32m"
    backdrop-blur-md bg-white/70 dark:bg-gray-900/70
    border border-white/20 dark:border-gray-700/30
    rounded-[28px] p-6 shadow-lg
    transition-all duration-300
   hover:scale-[1.02] hover:shadow-2xl hover:border-white/40 bg-gradient-to-br from-blue-50/80 to-cyan-50/80 dark:from-blue-900/20 dark:to-cyan-900/20  p-6"[39m
            [33mtabindex[39m=[32m"0"[39m
          [36m>[39m
            [36m<div[39m
              [33mclass[39m=[32m"flex items-center gap-4"[39m
            [36m>[39m
              [36m<div[39m
                [33mclass[39m=[32m"p-3 rounded-xl bg-gradient-to-br from-emerald-500 to-green-400"[39m
              [36m>[39m
                [36m<svg[39m
                  [33maria-hidden[39m=[32m"true"[39m
                  [33mclass[39m=[32m"lucide lucide-trending-up w-6 h-6 text-white"[39m
                  [33mfill[39m=[32m"none"[39m
                  [33mheight[39m=[32m"24"[39m
                  [33mstroke[39m=[32m"currentColor"[39m
                  [33mstroke-linecap[39m=[32m"round"[39m
                  [33mstroke-linejoin[39m=[32m"round"[39m
                  [33mstroke-width[39m=[32m"2"[39m
                  [33mviewBox[39m=[32m"0 0 24 24"[39m
                  [33mwidth[39m=[32m"24"[39m
                  [33mxmlns[39m=[32m"http://www.w3.org/2000/svg"[39m
                [36m>[39m
                  [36m<path[39m
                    [33md[39m=[32m"M16 7h6v6"[39m
                  [36m/>[39m
                  [36m<path[39m
                    [33md[39m=[32m"m22 7-8.5 8.5-5-5L2 17"[39m
                  [36m/>[39m
                [36m</svg>[39m
              [36m</div>[39m
              [36m<div>[39m
                [36m<p[39m
                  [33mclass[39m=[32m"text-sm text-gray-500 dark:text-gray-400"[39m
                [36m>[39m
                  [0mcomponents_FinancialManager.text_total_paid[0m
                [36m</p>[39m
                [36m<p[39m
                  [33mclass[39m=[32m"text-2xl font-bold text-gray-900 dark:text-white"[39m
                [36m>[39m
                  [0m$250[0m
                [36m</p>[39m
              [36m</div>[39m
            [36m</div>[39m
          [36m</div>[39m
          [36m<div[39m
            [33mclass[39m=[32m"
    backdrop-blur-md bg-white/70 dark:bg-gray-900/70
    border border-white/20 dark:border-gray-700/30
    rounded-[28px] p-6 shadow-lg
    transition-all duration-300
   hover:scale-[1.02] hover:shadow-2xl hover:border-white/40 bg-gradient-to-br from-blue-50/80 to-cyan-50/80 dark:from-blue-900/20 dark:to-cyan-900/20  p-6"[39m
            [33mtabindex[39m=[32m"0"[39m
          [36m>[39m
            [36m<div[39m
              [33mclass[39m=[32m"flex items-center gap-4"[39m
            [36m>[39m
              [36m<div[39m
                [33mclass[39m=[32m"p-3 rounded-xl bg-gradient-to-br from-amber-500 to-orange-400"[39m
              [36m>[39m
                [36m<svg[39m
                  [33maria-hidden[39m=[32m"true"[39m
                  [33mclass[39m=[32m"lucide lucide-credit-card w-6 h-6 text-white"[39m
                  [33mfill[39m=[32m"none"[39m
                  [33mheight[39m=[32m"24"[39m
                  [33mstroke[39m=[32m"currentColor"[39m
                  [33mstroke-linecap[39m=[32m"round"[39m
                  [33mstroke-linejoin[39m=[32m"round"[39m
                  [33mstroke-width[39m=[32m"2"[39m
                  [33mviewBox[39m=[32m"0 0 24 24"[39m
                  [33mwidth[39m=[32m"24"[39m
                  [33mxmlns[39m=[32m"http://www.w3.org/2000/svg"[39m
                [36m>[39m
                  [36m<rect[39m
                    [33mheight[39m=[32m"14"[39m
                    [33mrx[39m=[32m"2"[39m
                    [33mwidth[39m=[32m"20"[39m
                    [33mx[39m=[32m"2"[39m
                    [33my[39m=[32m"5"[39m
                  [36m/>[39...
[90m [2m❯[22m waitForWrapper node_modules/@testing-library/dom/dist/wait-for.js:[2m163:27[22m[39m
[36m [2m❯[22m tests/FinancialManager.test.jsx:[2m88:13[22m[39m
    [90m 86|[39m       })[33m;[39m
    [90m 87|[39m
    [90m 88|[39m       [35mawait[39m [34mwaitFor[39m(() [33m=>[39m {
    [90m   |[39m             [31m^[39m
    [90m 89|[39m         [34mexpect[39m(screen[33m.[39m[34mgetByText[39m([32m"Total Cost"[39m))[33m.[39m[34mtoBeInTheDocument[39m()[33m;[39m
    [90m 90|[39m         [34mexpect[39m(screen[33m.[39m[34mgetByText[39m([32m"Total Paid"[39m))[33m.[39m[34mtoBeInTheDocument[39m()[33m;[39m

[31m[2m⎯⎯⎯⎯⎯⎯⎯⎯⎯⎯⎯⎯⎯⎯⎯⎯⎯⎯⎯⎯⎯⎯⎯⎯[1/5]⎯[22m[39m

[41m[1m FAIL [22m[49m tests/FinancialManager.test.jsx[2m > [22mFinancialManager[2m > [22mFinancial Summary Display[2m > [22mshould calculate correct total cost, paid, and remaining amounts
[31m[1mTestingLibraryElementError[22m[39m: Unable to find an element with the text: /Total Cost/. This could be because the text is broken up by multiple elements. In this case, you can provide a function for your text matcher to make your matcher more flexible.

Ignored nodes: comments, script, style
[36m<body>[39m
  [36m<div>[39m
    [36m<div[39m
      [33mclass[39m=[32m"mt-8 space-y-6"[39m
    [36m>[39m
      [36m<div[39m
        [33mclass[39m=[32m"grid grid-cols-1 md:grid-cols-3 gap-4"[39m
      [36m>[39m
        [36m<div[39m
          [33mclass[39m=[32m"
    backdrop-blur-md bg-white/70 dark:bg-gray-900/70
    border border-white/20 dark:border-gray-700/30
    rounded-[28px] p-6 shadow-lg
    transition-all duration-300
   hover:scale-[1.02] hover:shadow-2xl hover:border-white/40 bg-gradient-to-br from-blue-50/80 to-cyan-50/80 dark:from-blue-900/20 dark:to-cyan-900/20  p-6"[39m
          [33mtabindex[39m=[32m"0"[39m
        [36m>[39m
          [36m<div[39m
            [33mclass[39m=[32m"flex items-center gap-4"[39m
          [36m>[39m
            [36m<div[39m
              [33mclass[39m=[32m"p-3 rounded-xl bg-gradient-to-br from-blue-500 to-cyan-400"[39m
            [36m>[39m
              [36m<svg[39m
                [33maria-hidden[39m=[32m"true"[39m
                [33mclass[39m=[32m"lucide lucide-dollar-sign w-6 h-6 text-white"[39m
                [33mfill[39m=[32m"none"[39m
                [33mheight[39m=[32m"24"[39m
                [33mstroke[39m=[32m"currentColor"[39m
                [33mstroke-linecap[39m=[32m"round"[39m
                [33mstroke-linejoin[39m=[32m"round"[39m
                [33mstroke-width[39m=[32m"2"[39m
                [33mviewBox[39m=[32m"0 0 24 24"[39m
                [33mwidth[39m=[32m"24"[39m
                [33mxmlns[39m=[32m"http://www.w3.org/2000/svg"[39m
              [36m>[39m
                [36m<line[39m
                  [33mx1[39m=[32m"12"[39m
                  [33mx2[39m=[32m"12"[39m
                  [33my1[39m=[32m"2"[39m
                  [33my2[39m=[32m"22"[39m
                [36m/>[39m
                [36m<path[39m
                  [33md[39m=[32m"M17 5H9.5a3.5 3.5 0 0 0 0 7h5a3.5 3.5 0 0 1 0 7H6"[39m
                [36m/>[39m
              [36m</svg>[39m
            [36m</div>[39m
            [36m<div>[39m
              [36m<p[39m
                [33mclass[39m=[32m"text-sm text-gray-500 dark:text-gray-400"[39m
              [36m>[39m
                [0mcomponents_FinancialManager.text_total_cost[0m
              [36m</p>[39m
              [36m<p[39m
                [33mclass[39m=[32m"text-2xl font-bold text-gray-900 dark:text-white"[39m
              [36m>[39m
                [0m$800[0m
              [36m</p>[39m
            [36m</div>[39m
          [36m</div>[39m
        [36m</div>[39m
        [36m<div[39m
          [33mclass[39m=[32m"
    backdrop-blur-md bg-white/70 dark:bg-gray-900/70
    border border-white/20 dark:border-gray-700/30
    rounded-[28px] p-6 shadow-lg
    transition-all duration-300
   hover:scale-[1.02] hover:shadow-2xl hover:border-white/40 bg-gradient-to-br from-blue-50/80 to-cyan-50/80 dark:from-blue-900/20 dark:to-cyan-900/20  p-6"[39m
          [33mtabindex[39m=[32m"0"[39m
        [36m>[39m
          [36m<div[39m
            [33mclass[39m=[32m"flex items-center gap-4"[39m
          [36m>[39m
            [36m<div[39m
              [33mclass[39m=[32m"p-3 rounded-xl bg-gradient-to-br from-emerald-500 to-green-400"[39m
            [36m>[39m
              [36m<svg[39m
                [33maria-hidden[39m=[32m"true"[39m
                [33mclass[39m=[32m"lucide lucide-trending-up w-6 h-6 text-white"[39m
                [33mfill[39m=[32m"none"[39m
                [33mheight[39m=[32m"24"[39m
                [33mstroke[39m=[32m"currentColor"[39m
                [33mstroke-linecap[39m=[32m"round"[39m
                [33mstroke-linejoin[39m=[32m"round"[39m
                [33mstroke-width[39m=[32m"2"[39m
                [33mviewBox[39m=[32m"0 0 24 24"[39m
                [33mwidth[39m=[32m"24"[39m
                [33mxmlns[39m=[32m"http://www.w3.org/2000/svg"[39m
              [36m>[39m
                [36m<path[39m
                  [33md[39m=[32m"M16 7h6v6"[39m
                [36m/>[39m
                [36m<path[39m
                  [33md[39m=[32m"m22 7-8.5 8.5-5-5L2 17"[39m
                [36m/>[39m
              [36m</svg>[39m
            [36m</div>[39m
            [36m<div>[39m
              [36m<p[39m
                [33mclass[39m=[32m"text-sm text-gray-500 dark:text-gray-400"[39m
              [36m>[39m
                [0mcomponents_FinancialManager.text_total_paid[0m
              [36m</p>[39m
              [36m<p[39m
                [33mclass[39m=[32m"text-2xl font-bold text-gray-900 dark:text-white"[39m
              [36m>[39m
                [0m$250[0m
              [36m</p>[39m
            [36m</div>[39m
          [36m</div>[39m
        [36m</div>[39m
        [36m<div[39m
          [33mclass[39m=[32m"
    backdrop-blur-md bg-white/70 dark:bg-gray-900/70
    border border-white/20 dark:border-gray-700/30
    rounded-[28px] p-6 shadow-lg
    transition-all duration-300
   hover:scale-[1.02] hover:shadow-2xl hover:border-white/40 bg-gradient-to-br from-blue-50/80 to-cyan-50/80 dark:from-blue-900/20 dark:to-cyan-900/20  p-6"[39m
          [33mtabindex[39m=[32m"0"[39m
        [36m>[39m
          [36m<div[39m
            [33mclass[39m=[32m"flex items-center gap-4"[39m
          [36m>[39m
            [36m<div[39m
              [33mclass[39m=[32m"p-3 rounded-xl bg-gradient-to-br from-amber-500 to-orange-400"[39m
            [36m>[39m
              [36m<svg[39m
                [33maria-hidden[39m=[32m"true"[39m
                [33mclass[39m=[32m"lucide lucide-credit-card w-6 h-6 text-white"[39m
                [33mfill[39m=[32m"none"[39m
                [33mheight[39m=[32m"24"[39m
                [33mstroke[39m=[32m"currentColor"[39m
                [33mstroke-linecap[39m=[32m"round"[39m
                [33mstroke-linejoin[39m=[32m"round"[39m
                [33mstroke-width[39m=[32m"2"[39m
                [33mviewBox[39m=[32m"0 0 24 24"[39m
                [33mwidth[39m=[32m"24"[39m
                [33mxmlns[39m=[32m"http://www.w3.org/2000/svg"[39m
              [36m>[39m
                [36m<rect[39m
                  [33mheight[39m=[32m"14"[39m
                  [33mrx[39m=[32m"2"[39m
                  [33mwidth[39m=[32m"20"[39m
                  [33mx[39m=[32m"2"[39m
                  [33my[39m=[32m"5"[39m
                [36m/>[39m
                [36m<line[39m
                  [33mx1[39m=[32m"2"[39m
                  [33mx2[39m=[32m"22"[39m
                  [33my1[39m=[32m"10"[39m
                  [33my2[39m=[32m"10"[39m
                [36m/>[39m
              [36m</svg>[39m
            [36m</div>[39m
            [36m<div>[39m
              [36m<p[39m
                [33m...

Ignored nodes: comments, script, style
[36m<html[39m
  [33mdir[39m=[32m"ltr"[39m
  [33mlang[39m=[32m"undefined"[39m
[36m>[39m
  [36m<head />[39m
  [36m<body>[39m
    [36m<div>[39m
      [36m<div[39m
        [33mclass[39m=[32m"mt-8 space-y-6"[39m
      [36m>[39m
        [36m<div[39m
          [33mclass[39m=[32m"grid grid-cols-1 md:grid-cols-3 gap-4"[39m
        [36m>[39m
          [36m<div[39m
            [33mclass[39m=[32m"
    backdrop-blur-md bg-white/70 dark:bg-gray-900/70
    border border-white/20 dark:border-gray-700/30
    rounded-[28px] p-6 shadow-lg
    transition-all duration-300
   hover:scale-[1.02] hover:shadow-2xl hover:border-white/40 bg-gradient-to-br from-blue-50/80 to-cyan-50/80 dark:from-blue-900/20 dark:to-cyan-900/20  p-6"[39m
            [33mtabindex[39m=[32m"0"[39m
          [36m>[39m
            [36m<div[39m
              [33mclass[39m=[32m"flex items-center gap-4"[39m
            [36m>[39m
              [36m<div[39m
                [33mclass[39m=[32m"p-3 rounded-xl bg-gradient-to-br from-blue-500 to-cyan-400"[39m
              [36m>[39m
                [36m<svg[39m
                  [33maria-hidden[39m=[32m"true"[39m
                  [33mclass[39m=[32m"lucide lucide-dollar-sign w-6 h-6 text-white"[39m
                  [33mfill[39m=[32m"none"[39m
                  [33mheight[39m=[32m"24"[39m
                  [33mstroke[39m=[32m"currentColor"[39m
                  [33mstroke-linecap[39m=[32m"round"[39m
                  [33mstroke-linejoin[39m=[32m"round"[39m
                  [33mstroke-width[39m=[32m"2"[39m
                  [33mviewBox[39m=[32m"0 0 24 24"[39m
                  [33mwidth[39m=[32m"24"[39m
                  [33mxmlns[39m=[32m"http://www.w3.org/2000/svg"[39m
                [36m>[39m
                  [36m<line[39m
                    [33mx1[39m=[32m"12"[39m
                    [33mx2[39m=[32m"12"[39m
                    [33my1[39m=[32m"2"[39m
                    [33my2[39m=[32m"22"[39m
                  [36m/>[39m
                  [36m<path[39m
                    [33md[39m=[32m"M17 5H9.5a3.5 3.5 0 0 0 0 7h5a3.5 3.5 0 0 1 0 7H6"[39m
                  [36m/>[39m
                [36m</svg>[39m
              [36m</div>[39m
              [36m<div>[39m
                [36m<p[39m
                  [33mclass[39m=[32m"text-sm text-gray-500 dark:text-gray-400"[39m
                [36m>[39m
                  [0mcomponents_FinancialManager.text_total_cost[0m
                [36m</p>[39m
                [36m<p[39m
                  [33mclass[39m=[32m"text-2xl font-bold text-gray-900 dark:text-white"[39m
                [36m>[39m
                  [0m$800[0m
                [36m</p>[39m
              [36m</div>[39m
            [36m</div>[39m
          [36m</div>[39m
          [36m<div[39m
            [33mclass[39m=[32m"
    backdrop-blur-md bg-white/70 dark:bg-gray-900/70
    border border-white/20 dark:border-gray-700/30
    rounded-[28px] p-6 shadow-lg
    transition-all duration-300
   hover:scale-[1.02] hover:shadow-2xl hover:border-white/40 bg-gradient-to-br from-blue-50/80 to-cyan-50/80 dark:from-blue-900/20 dark:to-cyan-900/20  p-6"[39m
            [33mtabindex[39m=[32m"0"[39m
          [36m>[39m
            [36m<div[39m
              [33mclass[39m=[32m"flex items-center gap-4"[39m
            [36m>[39m
              [36m<div[39m
                [33mclass[39m=[32m"p-3 rounded-xl bg-gradient-to-br from-emerald-500 to-green-400"[39m
              [36m>[39m
                [36m<svg[39m
                  [33maria-hidden[39m=[32m"true"[39m
                  [33mclass[39m=[32m"lucide lucide-trending-up w-6 h-6 text-white"[39m
                  [33mfill[39m=[32m"none"[39m
                  [33mheight[39m=[32m"24"[39m
                  [33mstroke[39m=[32m"currentColor"[39m
                  [33mstroke-linecap[39m=[32m"round"[39m
                  [33mstroke-linejoin[39m=[32m"round"[39m
                  [33mstroke-width[39m=[32m"2"[39m
                  [33mviewBox[39m=[32m"0 0 24 24"[39m
                  [33mwidth[39m=[32m"24"[39m
                  [33mxmlns[39m=[32m"http://www.w3.org/2000/svg"[39m
                [36m>[39m
                  [36m<path[39m
                    [33md[39m=[32m"M16 7h6v6"[39m
                  [36m/>[39m
                  [36m<path[39m
                    [33md[39m=[32m"m22 7-8.5 8.5-5-5L2 17"[39m
                  [36m/>[39m
                [36m</svg>[39m
              [36m</div>[39m
              [36m<div>[39m
                [36m<p[39m
                  [33mclass[39m=[32m"text-sm text-gray-500 dark:text-gray-400"[39m
                [36m>[39m
                  [0mcomponents_FinancialManager.text_total_paid[0m
                [36m</p>[39m
                [36m<p[39m
                  [33mclass[39m=[32m"text-2xl font-bold text-gray-900 dark:text-white"[39m
                [36m>[39m
                  [0m$250[0m
                [36m</p>[39m
              [36m</div>[39m
            [36m</div>[39m
          [36m</div>[39m
          [36m<div[39m
            [33mclass[39m=[32m"
    backdrop-blur-md bg-white/70 dark:bg-gray-900/70
    border border-white/20 dark:border-gray-700/30
    rounded-[28px] p-6 shadow-lg
    transition-all duration-300
   hover:scale-[1.02] hover:shadow-2xl hover:border-white/40 bg-gradient-to-br from-blue-50/80 to-cyan-50/80 dark:from-blue-900/20 dark:to-cyan-900/20  p-6"[39m
            [33mtabindex[39m=[32m"0"[39m
          [36m>[39m
            [36m<div[39m
              [33mclass[39m=[32m"flex items-center gap-4"[39m
            [36m>[39m
              [36m<div[39m
                [33mclass[39m=[32m"p-3 rounded-xl bg-gradient-to-br from-amber-500 to-orange-400"[39m
              [36m>[39m
                [36m<svg[39m
                  [33maria-hidden[39m=[32m"true"[39m
                  [33mclass[39m=[32m"lucide lucide-credit-card w-6 h-6 text-white"[39m
                  [33mfill[39m=[32m"none"[39m
                  [33mheight[39m=[32m"24"[39m
                  [33mstroke[39m=[32m"currentColor"[39m
                  [33mstroke-linecap[39m=[32m"round"[39m
                  [33mstroke-linejoin[39m=[32m"round"[39m
                  [33mstroke-width[39m=[32m"2"[39m
                  [33mviewBox[39m=[32m"0 0 24 24"[39m
                  [33mwidth[39m=[32m"24"[39m
                  [33mxmlns[39m=[32m"http://www.w3.org/2000/svg"[39m
                [36m>[39m
                  [36m<rect[39m
                    [33mheight[39m=[32m"14"[39m
                    [33mrx[39m=[32m"2"[39m
                    [33mwidth[39m=[32m"20"[39m
                    [33mx[39m=[32m"2"[39m
                    [33my[39m=[32m"5"[39m
                  [36m/>[39...
[90m [2m❯[22m waitForWrapper node_modules/@testing-library/dom/dist/wait-for.js:[2m163:27[22m[39m
[36m [2m❯[22m tests/FinancialManager.test.jsx:[2m102:13[22m[39m
    [90m100|[39m       })[33m;[39m
    [90m101|[39m
    [90m102|[39m       [35mawait[39m [34mwaitFor[39m(() [33m=>[39m {
    [90m   |[39m             [31m^[39m
    [90m103|[39m         [90m// Total cost: 500 + 300 = 800[39m
    [90m104|[39m         [90m// Total paid: 250 + 0 = 250[39m

[31m[2m⎯⎯⎯⎯⎯⎯⎯⎯⎯⎯⎯⎯⎯⎯⎯⎯⎯⎯⎯⎯⎯⎯⎯⎯[2/5]⎯[22m[39m

[41m[1m FAIL [22m[49m tests/ProtectedRoute.test.jsx[2m > [22mProtectedRoute - RBAC Enforcement[2m > [22mLoading State[2m > [22mshould show loading indicator while authentication is in progress
[31m[1mTestingLibraryElementError[22m: Unable to find an element with the text: Loading.... This could be because the text is broken up by multiple elements. In this case, you can provide a function for your text matcher to make your matcher more flexible.

Ignored nodes: comments, script, style
[36m<body>[31m
  [36m<div>[31m
    [36m<div>[31m
      [0mcomponents_auth_ProtectedRoute.text_loading[0m
    [36m</div>[31m
  [36m</div>[31m
[36m</body>[31m[39m
[90m [2m❯[22m Object.getElementError node_modules/@testing-library/dom/dist/config.js:[2m37:19[22m[39m
[90m [2m❯[22m node_modules/@testing-library/dom/dist/query-helpers.js:[2m76:38[22m[39m
[90m [2m❯[22m node_modules/@testing-library/dom/dist/query-helpers.js:[2m52:17[22m[39m
[90m [2m❯[22m node_modules/@testing-library/dom/dist/query-helpers.js:[2m95:19[22m[39m
[36m [2m❯[22m tests/ProtectedRoute.test.jsx:[2m196:21[22m[39m
    [90m194|[39m       )[33m;[39m
    [90m195|[39m
    [90m196|[39m       [34mexpect[39m(screen[33m.[39m[34mgetByText[39m([32m"Loading..."[39m))[33m.[39m[34mtoBeInTheDocument[39m()[33m;[39m
    [90m   |[39m                     [31m^[39m
    [90m197|[39m     })[33m;[39m
    [90m198|[39m   })[33m;[39m

[31m[2m⎯⎯⎯⎯⎯⎯⎯⎯⎯⎯⎯⎯⎯⎯⎯⎯⎯⎯⎯⎯⎯⎯⎯⎯[3/5]⎯[22m[39m

[41m[1m FAIL [22m[49m tests/ProtectedRoute.test.jsx[2m > [22mProtectedRoute - RBAC Enforcement[2m > [22mAdmin Access Blocking[2m > [22mshould show loading while admin context loads
[31m[1mTestingLibraryElementError[22m: Unable to find an element with the text: Loading.... This could be because the text is broken up by multiple elements. In this case, you can provide a function for your text matcher to make your matcher more flexible.

Ignored nodes: comments, script, style
[36m<body>[31m
  [36m<div>[31m
    [36m<div>[31m
      [0mcomponents_auth_ProtectedRoute.text_loading[0m
    [36m</div>[31m
  [36m</div>[31m
[36m</body>[31m[39m
[90m [2m❯[22m Object.getElementError node_modules/@testing-library/dom/dist/config.js:[2m37:19[22m[39m
[90m [2m❯[22m node_modules/@testing-library/dom/dist/query-helpers.js:[2m76:38[22m[39m
[90m [2m❯[22m node_modules/@testing-library/dom/dist/query-helpers.js:[2m52:17[22m[39m
[90m [2m❯[22m node_modules/@testing-library/dom/dist/query-helpers.js:[2m95:19[22m[39m
[36m [2m❯[22m tests/ProtectedRoute.test.jsx:[2m281:21[22m[39m
    [90m279|[39m       )[33m;[39m
    [90m280|[39m
    [90m281|[39m       [34mexpect[39m(screen[33m.[39m[34mgetByText[39m([32m"Loading..."[39m))[33m.[39m[34mtoBeInTheDocument[39m()[33m;[39m
    [90m   |[39m                     [31m^[39m
    [90m282|[39m     })[33m;[39m
    [90m283|[39m   })[33m;[39m

[31m[2m⎯⎯⎯⎯⎯⎯⎯⎯⎯⎯⎯⎯⎯⎯⎯⎯⎯⎯⎯⎯⎯⎯⎯⎯[4/5]⎯[22m[39m

[41m[1m FAIL [22m[49m tests/SecretaryAppointmentsList.test.jsx[2m > [22mSecretaryAppointmentsList[2m > [22mrenders action buttons and calls the cancel endpoint when Cancel is clicked
[31m[1mTestingLibraryElementError[22m[39m: Unable to find an element with the text: Appointment cancelled successfully.. This could be because the text is broken up by multiple elements. In this case, you can provide a function for your text matcher to make your matcher more flexible.

Ignored nodes: comments, script, style
[36m<body>[39m
  [36m<div>[39m
    [36m<div[39m
      [33mclass[39m=[32m"flex flex-col min-h-screen bg-slate-50 text-slate-900 transition-colors duration-300 ease-in-out dark:bg-slate-950 dark:text-slate-100"[39m
    [36m>[39m
      [36m<header[39m
        [33mclass[39m=[32m"bg-white border-b border-slate-200 sticky top-0 z-40"[39m
      [36m>[39m
        [36m<div[39m
          [33mclass[39m=[32m"container mx-auto px-6 py-4 flex items-center justify-between gap-4"[39m
        [36m>[39m
          [36m<a[39m
            [33mclass[39m=[32m"inline-flex items-center gap-3 text-xl font-semibold text-slate-900"[39m
            [33mhref[39m=[32m"/"[39m
          [36m>[39m
            [36m<span[39m
              [33mclass[39m=[32m"inline-flex h-10 w-10 items-center justify-center rounded-2xl bg-blue-50 text-blue-600"[39m
            [36m>[39m
              [0mC[0m
            [36m</span>[39m
            [0mcomponents_layout_Navigation.text_clinicsaas[0m
          [36m</a>[39m
          [36m<nav[39m
            [33mclass[39m=[32m"hidden md:flex items-center gap-4 text-sm font-medium text-slate-600"[39m
          [36m>[39m
            [36m<a[39m
              [33mclass[39m=[32m"hover:text-slate-900 transition-colors"[39m
              [33mhref[39m=[32m"/secretary/dashboard"[39m
            [36m>[39m
              [0mdashboard[0m
            [36m</a>[39m
            [36m<a[39m
              [33mclass[39m=[32m"hover:text-slate-900 transition-colors"[39m
              [33mhref[39m=[32m"/secretary/appointments"[39m
            [36m>[39m
              [0mappointments[0m
            [36m</a>[39m
            [36m<a[39m
              [33mclass[39m=[32m"hover:text-slate-900 transition-colors"[39m
              [33mhref[39m=[32m"/secretary/patients"[39m
            [36m>[39m
              [0mpatients[0m
            [36m</a>[39m
            [36m<button[39m
              [33maria-label[39m=[32m"components_layout_Navigation.attr_aria_label_toggle_theme"[39m
              [33mclass[39m=[32m"inline-flex h-10 w-10 items-center justify-center rounded-full bg-slate-100 text-slate-700 transition hover:bg-slate-200 dark:bg-slate-800 dark:text-slate-200 dark:hover:bg-slate-700"[39m
            [36m>[39m
              [36m<svg[39m
                [33maria-hidden[39m=[32m"true"[39m
                [33mclass[39m=[32m"lucide lucide-moon h-5 w-5"[39m
                [33mfill[39m=[32m"none"[39m
                [33mheight[39m=[32m"24"[39m
                [33mstroke[39m=[32m"currentColor"[39m
                [33mstroke-linecap[39m=[32m"round"[39m
                [33mstroke-linejoin[39m=[32m"round"[39m
                [33mstroke-width[39m=[32m"2"[39m
                [33mviewBox[39m=[32m"0 0 24 24"[39m
                [33mwidth[39m=[32m"24"[39m
                [33mxmlns[39m=[32m"http://www.w3.org/2000/svg"[39m
              [36m>[39m
                [36m<path[39m
                  [33md[39m=[32m"M20.985 12.486a9 9 0 1 1-9.473-9.472c.405-.022.617.46.402.803a6 6 0 0 0 8.268 8.268c.344-.215.825-.004.803.401"[39m
                [36m/>[39m
              [36m</svg>[39m
            [36m</button>[39m
            [36m<button[39m
              [33maria-label[39m=[32m"components_layout_Navigation.attr_aria_label_toggle_language"[39m
              [33mclass[39m=[32m"inline-flex items-center gap-2 px-3 py-2 rounded-lg bg-slate-100 text-slate-700 hover:bg-slate-200 dark:bg-slate-800 dark:text-slate-200"[39m
              [33mtitle[39m=[32m"العربية"[39m
            [36m>[39m
              [0mالعربية[0m
            [36m</button>[39m
            [36m<div[39m
              [33mclass[39m=[32m"relative"[39m
            [36m>[39m
              [36m<button[39m
                [33maria-label[39m=[32m"components_NotificationBell.attr_aria_label_notifications"[39m
                [33mclass[39m=[32m"relative flex h-10 w-10 items-center justify-center rounded-full bg-slate-100 text-slate-700 transition-colors hover:bg-slate-200 dark:bg-slate-800 dark:text-slate-200 dark:hover:bg-slate-700"[39m
                [33mtabindex[39m=[32m"0"[39m
              [36m>[39m
                [36m<svg[39m
                  [33maria-hidden[39m=[32m"true"[39m
                  [33mclass[39m=[32m"lucide lucide-bell opacity-50"[39m
                  [33mfill[39m=[32m"none"[39m
                  [33mheight[39m=[32m"20"[39m
                  [33mstroke[39m=[32m"currentColor"[39m
                  [33mstroke-linecap[39m=[32m"round"[39m
                  [33mstroke-linejoin[39m=[32m"round"[39m
                  [33mstroke-width[39m=[32m"2"[39m
                  [33mviewBox[39m=[32m"0 0 24 24"[39m
                  [33mwidth[39m=[32m"20"[39m
                  [33mxmlns[39m=[32m"http://www.w3.org/2000/svg"[39m
                [36m>[39m
                  [36m<path[39m
                    [33md[39m=[32m"M10.268 21a2 2 0 0 0 3.464 0"[39m
                  [36m/>[39m
                  [36m<path[39m
                    [33md[39m=[32m"M3.262 15.326A1 1 0 0 0 4 17h16a1 1 0 0 0 .74-1.673C19.41 13.956 18 12.499 18 8A6 6 0 0 0 6 8c0 4.499-1.411 5.956-2.738 7.326"[39m
                  [36m/>[39m
                [36m</svg>[39m
                [36m<span[39m
                  [33mclass[39m=[32m"absolute -bottom-0.5 -right-0.5 h-2.5 w-2.5 rounded-full border-2 border-white dark:border-slate-900 bg-red-500 animate-pulse"[39m
                [36m/>[39m
              [36m</button>[39m
            [36m</div>[39m
          [36m</nav>[39m
          [36m<button[39m
            [33mclass[39m=[32m"md:hidden inline-flex items-center justify-center rounded-2xl border border-slate-200 p-2 text-slate-600 hover:bg-slate-100"[39m
          [36m>[39m
            [36m<svg[39m
              [33maria-hidden[39m=[32m"true"[39m
              [33mclass[39m=[32m"lucide lucide-menu h-6 w-6"[39m
              [33mfill[39m=[32m"none"[39m
              [33mheight[39m=[32m"24"[39m
              [33mstroke[39m=[32m"currentColor"[39m
              [33mstroke-linecap[39m=[32m"round"[39m
              [33mstroke-linejoin[39m=[32m"round"[39m
              [33mstroke-width[39m=[32m"2"[39m
              [33mviewBox[39m=[32m"0 0 24 24"[39m
              [33mwidth[39m=[32m"24"[39m
              [33mxmlns[39m=[32m"http://www.w3.org/2000/svg"[39m
            [36m>[39m
              [36m<path[39m
                [33md[39m=[32m"M4 5h16"[39m
              [36m/>[39m
              [36m<path[39m
                [33md[39m=[32m"M4 12h16"[39m
              [36m/>[39m
              [36m<path[39m
                [33md[39m=[32m"M4 19h16"[39m
              [36m/>[39m
            [36m</svg>[39m
          [36m</button>[39m
        [36m</div...

Ignored nodes: comments, script, style
[36m<body>[39m
  [36m<div>[39m
    [36m<div[39m
      [33mclass[39m=[32m"flex flex-col min-h-screen bg-slate-50 text-slate-900 transition-colors duration-300 ease-in-out dark:bg-slate-950 dark:text-slate-100"[39m
    [36m>[39m
      [36m<header[39m
        [33mclass[39m=[32m"bg-white border-b border-slate-200 sticky top-0 z-40"[39m
      [36m>[39m
        [36m<div[39m
          [33mclass[39m=[32m"container mx-auto px-6 py-4 flex items-center justify-between gap-4"[39m
        [36m>[39m
          [36m<a[39m
            [33mclass[39m=[32m"inline-flex items-center gap-3 text-xl font-semibold text-slate-900"[39m
            [33mhref[39m=[32m"/"[39m
          [36m>[39m
            [36m<span[39m
              [33mclass[39m=[32m"inline-flex h-10 w-10 items-center justify-center rounded-2xl bg-blue-50 text-blue-600"[39m
            [36m>[39m
              [0mC[0m
            [36m</span>[39m
            [0mcomponents_layout_Navigation.text_clinicsaas[0m
          [36m</a>[39m
          [36m<nav[39m
            [33mclass[39m=[32m"hidden md:flex items-center gap-4 text-sm font-medium text-slate-600"[39m
          [36m>[39m
            [36m<a[39m
              [33mclass[39m=[32m"hover:text-slate-900 transition-colors"[39m
              [33mhref[39m=[32m"/secretary/dashboard"[39m
            [36m>[39m
              [0mdashboard[0m
            [36m</a>[39m
            [36m<a[39m
              [33mclass[39m=[32m"hover:text-slate-900 transition-colors"[39m
              [33mhref[39m=[32m"/secretary/appointments"[39m
            [36m>[39m
              [0mappointments[0m
            [36m</a>[39m
            [36m<a[39m
              [33mclass[39m=[32m"hover:text-slate-900 transition-colors"[39m
              [33mhref[39m=[32m"/secretary/patients"[39m
            [36m>[39m
              [0mpatients[0m
            [36m</a>[39m
            [36m<button[39m
              [33maria-label[39m=[32m"components_layout_Navigation.attr_aria_label_toggle_theme"[39m
              [33mclass[39m=[32m"inline-flex h-10 w-10 items-center justify-center rounded-full bg-slate-100 text-slate-700 transition hover:bg-slate-200 dark:bg-slate-800 dark:text-slate-200 dark:hover:bg-slate-700"[39m
            [36m>[39m
              [36m<svg[39m
                [33maria-hidden[39m=[32m"true"[39m
                [33mclass[39m=[32m"lucide lucide-moon h-5 w-5"[39m
                [33mfill[39m=[32m"none"[39m
                [33mheight[39m=[32m"24"[39m
                [33mstroke[39m=[32m"currentColor"[39m
                [33mstroke-linecap[39m=[32m"round"[39m
                [33mstroke-linejoin[39m=[32m"round"[39m
                [33mstroke-width[39m=[32m"2"[39m
                [33mviewBox[39m=[32m"0 0 24 24"[39m
                [33mwidth[39m=[32m"24"[39m
                [33mxmlns[39m=[32m"http://www.w3.org/2000/svg"[39m
              [36m>[39m
                [36m<path[39m
                  [33md[39m=[32m"M20.985 12.486a9 9 0 1 1-9.473-9.472c.405-.022.617.46.402.803a6 6 0 0 0 8.268 8.268c.344-.215.825-.004.803.401"[39m
                [36m/>[39m
              [36m</svg>[39m
            [36m</button>[39m
            [36m<button[39m
              [33maria-label[39m=[32m"components_layout_Navigation.attr_aria_label_toggle_language"[39m
              [33mclass[39m=[32m"inline-flex items-center gap-2 px-3 py-2 rounded-lg bg-slate-100 text-slate-700 hover:bg-slate-200 dark:bg-slate-800 dark:text-slate-200"[39m
              [33mtitle[39m=[32m"العربية"[39m
            [36m>[39m
              [0mالعربية[0m
            [36m</button>[39m
            [36m<div[39m
              [33mclass[39m=[32m"relative"[39m
            [36m>[39m
              [36m<button[39m
                [33maria-label[39m=[32m"components_NotificationBell.attr_aria_label_notifications"[39m
                [33mclass[39m=[32m"relative flex h-10 w-10 items-center justify-center rounded-full bg-slate-100 text-slate-700 transition-colors hover:bg-slate-200 dark:bg-slate-800 dark:text-slate-200 dark:hover:bg-slate-700"[39m
                [33mtabindex[39m=[32m"0"[39m
              [36m>[39m
                [36m<svg[39m
                  [33maria-hidden[39m=[32m"true"[39m
                  [33mclass[39m=[32m"lucide lucide-bell opacity-50"[39m
                  [33mfill[39m=[32m"none"[39m
                  [33mheight[39m=[32m"20"[39m
                  [33mstroke[39m=[32m"currentColor"[39m
                  [33mstroke-linecap[39m=[32m"round"[39m
                  [33mstroke-linejoin[39m=[32m"round"[39m
                  [33mstroke-width[39m=[32m"2"[39m
                  [33mviewBox[39m=[32m"0 0 24 24"[39m
                  [33mwidth[39m=[32m"20"[39m
                  [33mxmlns[39m=[32m"http://www.w3.org/2000/svg"[39m
                [36m>[39m
                  [36m<path[39m
                    [33md[39m=[32m"M10.268 21a2 2 0 0 0 3.464 0"[39m
                  [36m/>[39m
                  [36m<path[39m
                    [33md[39m=[32m"M3.262 15.326A1 1 0 0 0 4 17h16a1 1 0 0 0 .74-1.673C19.41 13.956 18 12.499 18 8A6 6 0 0 0 6 8c0 4.499-1.411 5.956-2.738 7.326"[39m
                  [36m/>[39m
                [36m</svg>[39m
                [36m<span[39m
                  [33mclass[39m=[32m"absolute -bottom-0.5 -right-0.5 h-2.5 w-2.5 rounded-full border-2 border-white dark:border-slate-900 bg-red-500 animate-pulse"[39m
                [36m/>[39m
              [36m</button>[39m
            [36m</div>[39m
          [36m</nav>[39m
          [36m<button[39m
            [33mclass[39m=[32m"md:hidden inline-flex items-center justify-center rounded-2xl border border-slate-200 p-2 text-slate-600 hover:bg-slate-100"[39m
          [36m>[39m
            [36m<svg[39m
              [33maria-hidden[39m=[32m"true"[39m
              [33mclass[39m=[32m"lucide lucide-menu h-6 w-6"[39m
              [33mfill[39m=[32m"none"[39m
              [33mheight[39m=[32m"24"[39m
              [33mstroke[39m=[32m"currentColor"[39m
              [33mstroke-linecap[39m=[32m"round"[39m
              [33mstroke-linejoin[39m=[32m"round"[39m
              [33mstroke-width[39m=[32m"2"[39m
              [33mviewBox[39m=[32m"0 0 24 24"[39m
              [33mwidth[39m=[32m"24"[39m
              [33mxmlns[39m=[32m"http://www.w3.org/2000/svg"[39m
            [36m>[39m
              [36m<path[39m
                [33md[39m=[32m"M4 5h16"[39m
              [36m/>[39m
              [36m<path[39m
                [33md[39m=[32m"M4 12h16"[39m
              [36m/>[39m
              [36m<path[39m
                [33md[39m=[32m"M4 19h16"[39m
              [36m/>[39m
            [36m</svg>[39m
          [36m</button>[39m
        [36m</div...
[90m [2m❯[22m waitForWrapper node_modules/@testing-library/dom/dist/wait-for.js:[2m163:27[22m[39m
[90m [2m❯[22m node_modules/@testing-library/dom/dist/query-helpers.js:[2m86:33[22m[39m
[36m [2m❯[22m tests/SecretaryAppointmentsList.test.jsx:[2m48:20[22m[39m
    [90m 46|[39m
    [90m 47|[39m     [34mexpect[39m(
    [90m 48|[39m       [35mawait[39m screen[33m.[39m[34mfindByText[39m([32m"Appointment cancelled successfully."[39m)[33m,[39m
    [90m   |[39m                    [31m^[39m
    [90m 49|[39m     )[33m.[39m[34mtoBeInTheDocument[39m()[33m;[39m
    [90m 50|[39m   })[33m;[39m

[31m[2m⎯⎯⎯⎯⎯⎯⎯⎯⎯⎯⎯⎯⎯⎯⎯⎯⎯⎯⎯⎯⎯⎯⎯⎯[5/5]⎯[22m[39m


[2m Test Files [22m [1m[31m3 failed[39m[22m[90m (3)[39m
[2m      Tests [22m [1m[31m5 failed[39m[22m[2m | [22m[1m[32m16 passed[39m[22m[90m (21)[39m
[2m   Start at [22m 11:43:16
[2m   Duration [22m 15.74s[2m (transform 2.15s, setup 2.66s, import 10.36s, tests 5.54s, environment 19.02s)[22m

